Archive member included to satisfy reference by file (symbol)

C:/Users/Administrator/.eide/tools/gcc_arm/bin/../lib/gcc/arm-none-eabi/14.3.1/../../../../arm-none-eabi/lib/thumb/v7-m/nofp\libc_nano.a(libc_a-exit.o)
                              C:/Users/Administrator/.eide/tools/gcc_arm/bin/../lib/gcc/arm-none-eabi/14.3.1/../../../../arm-none-eabi/lib/thumb/v7-m/nofp/crt0.o (exit)
C:/Users/Administrator/.eide/tools/gcc_arm/bin/../lib/gcc/arm-none-eabi/14.3.1/../../../../arm-none-eabi/lib/thumb/v7-m/nofp\libc_nano.a(libc_a-findfp.o)
                              C:/Users/Administrator/.eide/tools/gcc_arm/bin/../lib/gcc/arm-none-eabi/14.3.1/../../../../arm-none-eabi/lib/thumb/v7-m/nofp\libc_nano.a(libc_a-exit.o) (__stdio_exit_handler)
C:/Users/Administrator/.eide/tools/gcc_arm/bin/../lib/gcc/arm-none-eabi/14.3.1/../../../../arm-none-eabi/lib/thumb/v7-m/nofp\libc_nano.a(libc_a-fwalk.o)
                              C:/Users/Administrator/.eide/tools/gcc_arm/bin/../lib/gcc/arm-none-eabi/14.3.1/../../../../arm-none-eabi/lib/thumb/v7-m/nofp\libc_nano.a(libc_a-findfp.o) (_fwalk_sglue)
C:/Users/Administrator/.eide/tools/gcc_arm/bin/../lib/gcc/arm-none-eabi/14.3.1/../../../../arm-none-eabi/lib/thumb/v7-m/nofp\libc_nano.a(libc_a-sprintf.o)
                              ./build/Debug/.obj/Core/Src/freertos.o (sprintf)
C:/Users/Administrator/.eide/tools/gcc_arm/bin/../lib/gcc/arm-none-eabi/14.3.1/../../../../arm-none-eabi/lib/thumb/v7-m/nofp\libc_nano.a(libc_a-stdio.o)
                              C:/Users/Administrator/.eide/tools/gcc_arm/bin/../lib/gcc/arm-none-eabi/14.3.1/../../../../arm-none-eabi/lib/thumb/v7-m/nofp\libc_nano.a(libc_a-findfp.o) (__sread)
C:/Users/Administrator/.eide/tools/gcc_arm/bin/../lib/gcc/arm-none-eabi/14.3.1/../../../../arm-none-eabi/lib/thumb/v7-m/nofp\libc_nano.a(libc_a-memset.o)
                              C:/Users/Administrator/.eide/tools/gcc_arm/bin/../lib/gcc/arm-none-eabi/14.3.1/../../../../arm-none-eabi/lib/thumb/v7-m/nofp/crt0.o (memset)
C:/Users/Administrator/.eide/tools/gcc_arm/bin/../lib/gcc/arm-none-eabi/14.3.1/../../../../arm-none-eabi/lib/thumb/v7-m/nofp\libc_nano.a(libc_a-closer.o)
                              C:/Users/Administrator/.eide/tools/gcc_arm/bin/../lib/gcc/arm-none-eabi/14.3.1/../../../../arm-none-eabi/lib/thumb/v7-m/nofp\libc_nano.a(libc_a-stdio.o) (_close_r)
C:/Users/Administrator/.eide/tools/gcc_arm/bin/../lib/gcc/arm-none-eabi/14.3.1/../../../../arm-none-eabi/lib/thumb/v7-m/nofp\libc_nano.a(libc_a-reent.o)
                              C:/Users/Administrator/.eide/tools/gcc_arm/bin/../lib/gcc/arm-none-eabi/14.3.1/../../../../arm-none-eabi/lib/thumb/v7-m/nofp\libc_nano.a(libc_a-closer.o) (errno)
C:/Users/Administrator/.eide/tools/gcc_arm/bin/../lib/gcc/arm-none-eabi/14.3.1/../../../../arm-none-eabi/lib/thumb/v7-m/nofp\libc_nano.a(libc_a-impure.o)
                              C:/Users/Administrator/.eide/tools/gcc_arm/bin/../lib/gcc/arm-none-eabi/14.3.1/../../../../arm-none-eabi/lib/thumb/v7-m/nofp\libc_nano.a(libc_a-sprintf.o) (_impure_ptr)
C:/Users/Administrator/.eide/tools/gcc_arm/bin/../lib/gcc/arm-none-eabi/14.3.1/../../../../arm-none-eabi/lib/thumb/v7-m/nofp\libc_nano.a(libc_a-lseekr.o)
                              C:/Users/Administrator/.eide/tools/gcc_arm/bin/../lib/gcc/arm-none-eabi/14.3.1/../../../../arm-none-eabi/lib/thumb/v7-m/nofp\libc_nano.a(libc_a-stdio.o) (_lseek_r)
C:/Users/Administrator/.eide/tools/gcc_arm/bin/../lib/gcc/arm-none-eabi/14.3.1/../../../../arm-none-eabi/lib/thumb/v7-m/nofp\libc_nano.a(libc_a-readr.o)
                              C:/Users/Administrator/.eide/tools/gcc_arm/bin/../lib/gcc/arm-none-eabi/14.3.1/../../../../arm-none-eabi/lib/thumb/v7-m/nofp\libc_nano.a(libc_a-stdio.o) (_read_r)
C:/Users/Administrator/.eide/tools/gcc_arm/bin/../lib/gcc/arm-none-eabi/14.3.1/../../../../arm-none-eabi/lib/thumb/v7-m/nofp\libc_nano.a(libc_a-writer.o)
                              C:/Users/Administrator/.eide/tools/gcc_arm/bin/../lib/gcc/arm-none-eabi/14.3.1/../../../../arm-none-eabi/lib/thumb/v7-m/nofp\libc_nano.a(libc_a-stdio.o) (_write_r)
C:/Users/Administrator/.eide/tools/gcc_arm/bin/../lib/gcc/arm-none-eabi/14.3.1/../../../../arm-none-eabi/lib/thumb/v7-m/nofp\libc_nano.a(libc_a-errno.o)
                              ./build/Debug/.obj/Core/Src/syscalls.o (__errno)
C:/Users/Administrator/.eide/tools/gcc_arm/bin/../lib/gcc/arm-none-eabi/14.3.1/../../../../arm-none-eabi/lib/thumb/v7-m/nofp\libc_nano.a(libc_a-init.o)
                              C:/Users/Administrator/.eide/tools/gcc_arm/bin/../lib/gcc/arm-none-eabi/14.3.1/../../../../arm-none-eabi/lib/thumb/v7-m/nofp/crt0.o (__libc_init_array)
C:/Users/Administrator/.eide/tools/gcc_arm/bin/../lib/gcc/arm-none-eabi/14.3.1/../../../../arm-none-eabi/lib/thumb/v7-m/nofp\libc_nano.a(libc_a-lock.o)
[...]
Memory Configuration

Name             Origin             Length             Attributes
RAM              0x20000000         0x00005000         xrw
FLASH            0x08000000         0x00010000         xr
*default*        0x00000000         0xffffffff

Linker script and memory map

LOAD C:/Users/Administrator/.eide/tools/gcc_arm/bin/../lib/gcc/arm-none-eabi/14.3.1/thumb/v7-m/nofp/crti.o
LOAD C:/Users/Administrator/.eide/tools/gcc_arm/bin/../lib/gcc/arm-none-eabi/14.3.1/thumb/v7-m/nofp/crtbegin.o
LOAD C:/Users/Administrator/.eide/tools/gcc_arm/bin/../lib/gcc/arm-none-eabi/14.3.1/../../../../arm-none-eabi/lib/thumb/v7-m/nofp/crt0.o
LOAD ./build/Debug/.obj/Core/Src/freertos.o
LOAD ./build/Debug/.obj/Core/Src/gpio.o
LOAD ./build/Debug/.obj/Core/Src/main.o
LOAD ./build/Debug/.obj/Core/Src/stm32f1xx_hal_msp.o
LOAD ./build/Debug/.obj/Core/Src/stm32f1xx_hal_timebase_tim.o
LOAD ./build/Debug/.obj/Core/Src/stm32f1xx_it.o
LOAD ./build/Debug/.obj/Core/Src/syscalls.o
LOAD ./build/Debug/.obj/Core/Src/sysmem.o
LOAD ./build/Debug/.obj/Core/Src/system_stm32f1xx.o
LOAD ./build/Debug/.obj/Core/Src/usart.o
LOAD ./build/Debug/.obj/Core/Startup/startup_stm32f103c8tx.o
LOAD ./build/Debug/.obj/Drivers/STM32F1xx_HAL_Driver/Src/stm32f1xx_hal.o
LOAD ./build/Debug/.obj/Drivers/STM32F1xx_HAL_Driver/Src/stm32f1xx_hal_cortex.o
LOAD ./build/Debug/.obj/Drivers/STM32F1xx_HAL_Driver/Src/stm32f1xx_hal_dma.o
LOAD ./build/Debug/.obj/Drivers/STM32F1xx_HAL_Driver/Src/stm32f1xx_hal_exti.o
LOAD ./build/Debug/.obj/Drivers/STM32F1xx_HAL_Driver/Src/stm32f1xx_hal_flash.o
LOAD ./build/Debug/.obj/Drivers/STM32F1xx_HAL_Driver/Src/stm32f1xx_hal_flash_ex.o
LOAD ./build/Debug/.obj/Drivers/STM32F1xx_HAL_Driver/Src/stm32f1xx_hal_gpio.o
LOAD ./build/Debug/.obj/Drivers/STM32F1xx_HAL_Driver/Src/stm32f1xx_hal_gpio_ex.o
LOAD ./build/Debug/.obj/Drivers/STM32F1xx_HAL_Driver/Src/stm32f1xx_hal_pwr.o
LOAD ./build/Debug/.obj/Drivers/STM32F1xx_HAL_Driver/Src/stm32f1xx_hal_rcc.o
LOAD ./build/Debug/.obj/Drivers/STM32F1xx_HAL_Driver/Src/stm32f1xx_hal_rcc_ex.o
LOAD ./build/Debug/.obj/Drivers/STM32F1xx_HAL_Driver/Src/stm32f1xx_hal_tim.o
LOAD ./build/Debug/.obj/Drivers/STM32F1xx_HAL_Driver/Src/stm32f1xx_hal_tim_ex.o
LOAD ./build/Debug/.obj/Drivers/STM32F1xx_HAL_Driver/Src/stm32f1xx_hal_uart.o
LOAD ./build/Debug/.obj/Middlewares/Third_Party/FreeRTOS/Source/CMSIS_RTOS_V2/cmsis_os2.o
LOAD ./build/Debug/.obj/Middlewares/Third_Party/FreeRTOS/Source/croutine.o
LOAD ./build/Debug/.obj/Middlewares/Third_Party/FreeRTOS/Source/event_groups.o
LOAD ./build/Debug/.obj/Middlewares/Third_Party/FreeRTOS/Source/list.o
LOAD ./build/Debug/.obj/Middlewares/Third_Party/FreeRTOS/Source/portable/GCC/ARM_CM3/port.o
LOAD ./build/Debug/.obj/Middlewares/Third_Party/FreeRTOS/Source/portable/MemMang/heap_4.o
LOAD ./build/Debug/.obj/Middlewares/Third_Party/FreeRTOS/Source/queue.o
LOAD ./build/Debug/.obj/Middlewares/Third_Party/FreeRTOS/Source/stream_buffer.o
LOAD ./build/Debug/.obj/Middlewares/Third_Party/FreeRTOS/Source/tasks.o
LOAD ./build/Debug/.obj/Middlewares/Third_Party/FreeRTOS/Source/timers.o
START GROUP
LOAD C:/Users/Administrator/.eide/tools/gcc_arm/bin/../lib/gcc/arm-none-eabi/14.3.1/thumb/v7-m/nofp\libgcc.a
LOAD C:/Users/Administrator/.eide/tools/gcc_arm/bin/../lib/gcc/arm-none-eabi/14.3.1/../../../../arm-none-eabi/lib/thumb/v7-m/nofp\libc_nano.a
END GROUP
START GROUP
LOAD C:/Users/Administrator/.eide/tools/gcc_arm/bin/../lib/gcc/arm-none-eabi/14.3.1/thumb/v7-m/nofp\libgcc.a
LOAD C:/Users/Administrator/.eide/tools/gcc_arm/bin/../lib/gcc/arm-none-eabi/14.3.1/../../../../arm-none-eabi/lib/thumb/v7-m/nofp\libc_nano.a
LOAD C:/Users/Administrator/.eide/tools/gcc_arm/bin/../lib/gcc/arm-none-eabi/14.3.1/../../../../arm-none-eabi/lib/thumb/v7-m/nofp\libnosys.a
END GROUP
START GROUP
LOAD C:/Users/Administrator/.eide/tools/gcc_arm/bin/../lib/gcc/arm-none-eabi/14.3.1/thumb/v7-m/nofp\libgcc.a
LOAD C:/Users/Administrator/.eide/tools/gcc_arm/bin/../lib/gcc/arm-none-eabi/14.3.1/../../../../arm-none-eabi/lib/thumb/v7-m/nofp\libc_nano.a
LOAD C:/Users/Administrator/.eide/tools/gcc_arm/bin/../lib/gcc/arm-none-eabi/14.3.1/../../../../arm-none-eabi/lib/thumb/v7-m/nofp\libnosys.a
END GROUP
LOAD C:/Users/Administrator/.eide/tools/gcc_arm/bin/../lib/gcc/arm-none-eabi/14.3.1/thumb/v7-m/nofp/crtend.o
LOAD C:/Users/Administrator/.eide/tools/gcc_arm/bin/../lib/gcc/arm-none-eabi/14.3.1/thumb/v7-m/nofp/crtn.o
                0x20005000                        _estack = (ORIGIN (RAM) + LENGTH (RAM))
                0x00000200                        _Min_Heap_Size = 0x200
                0x00000400                        _Min_Stack_Size = 0x400

.isr_vector     0x08000000      0x10c
                0x08000000                        . = ALIGN (0x4)
 *(.isr_vector)
 .isr_vector    0x08000000      0x10c ./build/Debug/.obj/Core/Startup/startup_stm32f103c8tx.o
                0x08000000                g_pfnVectors
                0x0800010c                        . = ALIGN (0x4)

.text           0x08000110     0x3c04
                0x08000110                        . = ALIGN (0x4)
 *(.text)
 .text          0x08000110       0x10 C:/Users/Administrator/.eide/tools/gcc_arm/bin/../lib/gcc/arm-none-eabi/14.3.1/../../../../arm-none-eabi/lib/thumb/v7-m/nofp\libc_nano.a(libc_a-strlen.o)
                0x08000110                strlen
 *(.text*)
 .text.deregister_tm_clones
                0x08000120       0x1c C:/Users/Administrator/.eide/tools/gcc_arm/bin/../lib/gcc/arm-none-eabi/14.3.1/thumb/v7-m/nofp/crtbegin.o
 .text.register_tm_clones
                0x0800013c       0x24 C:/Users/Administrator/.eide/tools/gcc_arm/bin/../lib/gcc/arm-none-eabi/14.3.1/thumb/v7-m/nofp/crtbegin.o
 .text.__do_global_dtors_aux
                0x08000160       0x28 C:/Users/Administrator/.eide/tools/gcc_arm/bin/../lib/gcc/arm-none-eabi/14.3.1/thumb/v7-m/nofp/crtbegin.o
 .text.frame_dummy
                0x08000188       0x24 C:/Users/Administrator/.eide/tools/gcc_arm/bin/../lib/gcc/arm-none-eabi/14.3.1/thumb/v7-m/nofp/crtbegin.o
 .text.StartBtnTask
                0x080001ac       0x68 ./build/Debug/.obj/Core/Src/freertos.o
                0x080001ac                StartBtnTask
 .text.StartDataTask
                0x08000214       0x50 ./build/Debug/.obj/Core/Src/freertos.o
                0x08000214                StartDataTask
 .text.MX_FREERTOS_Init
                0x08000264       0x50 ./build/Debug/.obj/Core/Src/freertos.o
                0x08000264                MX_FREERTOS_Init
 .text.MX_GPIO_Init
                0x080002b4       0x54 ./build/Debug/.obj/Core/Src/gpio.o
                0x080002b4                MX_GPIO_Init
 .text.HAL_TIM_PeriodElapsedCallback
                0x08000308       0x18 ./build/Debug/.obj/Core/Src/main.o
                0x08000308                HAL_TIM_PeriodElapsedCallback
 .text.Error_Handler
                0x08000320        0x4 ./build/Debug/.obj/Core/Src/main.o
                0x08000320                Error_Handler
 .text.SystemClock_Config
                0x08000324       0x52 ./build/Debug/.obj/Core/Src/main.o
                0x08000324                SystemClock_Config
 .text.main     0x08000376       0x20 ./build/Debug/.obj/Core/Src/main.o
                0x08000376                main
 *fill*         0x08000396        0x2 
 .text.HAL_MspInit
                0x08000398       0x54 ./build/Debug/.obj/Core/Src/stm32f1xx_hal_msp.o
                0x08000398                HAL_MspInit
 .text.HAL_InitTick
                0x080003ec       0xa0 ./build/Debug/.obj/Core/Src/stm32f1xx_hal_timebase_tim.o
                0x080003ec                HAL_InitTick
 .text.NMI_Handler
                0x0800048c        0x2 ./build/Debug/.obj/Core/Src/stm32f1xx_it.o
                0x0800048c                NMI_Handler
 .text.HardFault_Handler
                0x0800048e        0x2 ./build/Debug/.obj/Core/Src/stm32f1xx_it.o
                0x0800048e                HardFault_Handler
 .text.MemManage_Handler
                0x08000490        0x2 ./build/Debug/.obj/Core/Src/stm32f1xx_it.o
                0x08000490                MemManage_Handler
 .text.BusFault_Handler
                0x08000492        0x2 ./build/Debug/.obj/Core/Src/stm32f1xx_it.o
                0x08000492                BusFault_Handler
 .text.UsageFault_Handler
                0x08000494        0x2 ./build/Debug/.obj/Core/Src/stm32f1xx_it.o
                0x08000494                UsageFault_Handler
 .text.DebugMon_Handler
                0x08000496        0x2 ./build/Debug/.obj/Core/Src/stm32f1xx_it.o
                0x08000496                DebugMon_Handler
 .text.TIM4_IRQHandler
                0x08000498       0x10 ./build/Debug/.obj/Core/Src/stm32f1xx_it.o
                0x08000498                TIM4_IRQHandler
 .text._sbrk    0x080004a8       0x48 ./build/Debug/.obj/Core/Src/sysmem.o
                0x080004a8                _sbrk
 .text.SystemInit
                0x080004f0        0x2 ./build/Debug/.obj/Core/Src/system_stm32f1xx.o
                0x080004f0                SystemInit
 *fill*         0x080004f2        0x2 
 .text.MX_USART2_UART_Init
                0x080004f4       0x34 ./build/Debug/.obj/Core/Src/usart.o
                0x080004f4                MX_USART2_UART_Init
 .text.HAL_UART_MspInit
                0x08000528       0x78 ./build/Debug/.obj/Core/Src/usart.o
                0x08000528                HAL_UART_MspInit
 .text.Reset_Handler
                0x080005a0       0x48 ./build/Debug/.obj/Core/Startup/startup_stm32f103c8tx.o
                0x080005a0                Reset_Handler
 .text.Default_Handler
                0x080005e8        0x2 ./build/Debug/.obj/Core/Startup/startup_stm32f103c8tx.o
                0x080005e8                RTC_Alarm_IRQHandler
                0x080005e8                EXTI2_IRQHandler
                0x080005e8                TIM1_CC_IRQHandler
                0x080005e8                PVD_IRQHandler
                0x080005e8                EXTI3_IRQHandler
                0x080005e8                EXTI0_IRQHandler
                0x080005e8                I2C2_EV_IRQHandler
                0x080005e8                ADC1_2_IRQHandler
                0x080005e8                SPI1_IRQHandler
                0x080005e8                TAMPER_IRQHandler
                0x080005e8                DMA1_Channel4_IRQHandler
                0x080005e8                USART3_IRQHandler
                0x080005e8                RTC_IRQHandler
                0x080005e8                DMA1_Channel7_IRQHandler
                0x080005e8                CAN1_RX1_IRQHandler
                0x080005e8                I2C1_EV_IRQHandler
                0x080005e8                DMA1_Channel6_IRQHandler
                0x080005e8                TIM3_IRQHandler
                0x080005e8                RCC_IRQHandler
                0x080005e8                TIM1_TRG_COM_IRQHandler
                0x080005e8                DMA1_Channel1_IRQHandler
                0x080005e8                Default_Handler
                0x080005e8                EXTI15_10_IRQHandler
                0x080005e8                EXTI9_5_IRQHandler
                0x080005e8                SPI2_IRQHandler
                0x080005e8                DMA1_Channel5_IRQHandler
                0x080005e8                EXTI4_IRQHandler
                0x080005e8                USB_LP_CAN1_RX0_IRQHandler
                0x080005e8                USB_HP_CAN1_TX_IRQHandler
                0x080005e8                DMA1_Channel3_IRQHandler
                0x080005e8                TIM1_UP_IRQHandler
                0x080005e8                WWDG_IRQHandler
                0x080005e8                TIM2_IRQHandler
                0x080005e8                TIM1_BRK_IRQHandler
                0x080005e8                EXTI1_IRQHandler
                0x080005e8                USART2_IRQHandler
                0x080005e8                I2C2_ER_IRQHandler
                0x080005e8                DMA1_Channel2_IRQHandler
                0x080005e8                CAN1_SCE_IRQHandler
                0x080005e8                FLASH_IRQHandler
                0x080005e8                USART1_IRQHandler
                0x080005e8                I2C1_ER_IRQHandler
                0x080005e8                USBWakeUp_IRQHandler
 *fill*         0x080005ea        0x2 
 .text.HAL_Init
                0x080005ec       0x24 ./build/Debug/.obj/Drivers/STM32F1xx_HAL_Driver/Src/stm32f1xx_hal.o
                0x080005ec                HAL_Init
 .text.HAL_IncTick
                0x08000610       0x18 ./build/Debug/.obj/Drivers/STM32F1xx_HAL_Driver/Src/stm32f1xx_hal.o
                0x08000610                HAL_IncTick
 .text.HAL_GetTick
                0x08000628        0xc ./build/Debug/.obj/Drivers/STM32F1xx_HAL_Driver/Src/stm32f1xx_hal.o
                0x08000628                HAL_GetTick
 .text.__NVIC_SetPriority
                0x08000634       0x28 ./build/Debug/.obj/Drivers/STM32F1xx_HAL_Driver/Src/stm32f1xx_hal_cortex.o
 .text.NVIC_EncodePriority
                0x0800065c       0x3e ./build/Debug/.obj/Drivers/STM32F1xx_HAL_Driver/Src/stm32f1xx_hal_cortex.o
 *fill*         0x0800069a        0x2 
 .text.HAL_NVIC_SetPriorityGrouping
                0x0800069c       0x24 ./build/Debug/.obj/Drivers/STM32F1xx_HAL_Driver/Src/stm32f1xx_hal_cortex.o
                0x0800069c                HAL_NVIC_SetPriorityGrouping
 .text.HAL_NVIC_SetPriority
                0x080006c0       0x20 ./build/Debug/.obj/Drivers/STM32F1xx_HAL_Driver/Src/stm32f1xx_hal_cortex.o
                0x080006c0                HAL_NVIC_SetPriority
 .text.HAL_NVIC_EnableIRQ
                0x080006e0       0x1c ./build/Debug/.obj/Drivers/STM32F1xx_HAL_Driver/Src/stm32f1xx_hal_cortex.o
                0x080006e0                HAL_NVIC_EnableIRQ
 .text.HAL_GPIO_Init
                0x080006fc      0x214 ./build/Debug/.obj/Drivers/STM32F1xx_HAL_Driver/Src/stm32f1xx_hal_gpio.o
                0x080006fc                HAL_GPIO_Init
 .text.HAL_GPIO_ReadPin
                0x08000910        0xe ./build/Debug/.obj/Drivers/STM32F1xx_HAL_Driver/Src/stm32f1xx_hal_gpio.o
                0x08000910                HAL_GPIO_ReadPin
 *fill*         0x0800091e        0x2 
 .text.RCC_Delay
                0x08000920       0x2c ./build/Debug/.obj/Drivers/STM32F1xx_HAL_Driver/Src/stm32f1xx_hal_rcc.o
 .text.HAL_RCC_OscConfig
                0x0800094c      0x410 ./build/Debug/.obj/Drivers/STM32F1xx_HAL_Driver/Src/stm32f1xx_hal_rcc.o
                0x0800094c                HAL_RCC_OscConfig
 .text.HAL_RCC_GetSysClockFreq
                0x08000d5c       0x54 ./build/Debug/.obj/Drivers/STM32F1xx_HAL_Driver/Src/stm32f1xx_hal_rcc.o
                0x08000d5c                HAL_RCC_GetSysClockFreq
 .text.HAL_RCC_ClockConfig
                0x08000db0      0x16c ./build/Debug/.obj/Drivers/STM32F1xx_HAL_Driver/Src/stm32f1xx_hal_rcc.o
                0x08000db0                HAL_RCC_ClockConfig
 .text.HAL_RCC_GetHCLKFreq
                0x08000f1c        0xc ./build/Debug/.obj/Drivers/STM32F1xx_HAL_Driver/Src/stm32f1xx_hal_rcc.o
                0x08000f1c                HAL_RCC_GetHCLKFreq
 .text.HAL_RCC_GetPCLK1Freq
                0x08000f28       0x20 ./build/Debug/.obj/Drivers/STM32F1xx_HAL_Driver/Src/stm32f1xx_hal_rcc.o
                0x08000f28                HAL_RCC_GetPCLK1Freq
 .text.HAL_RCC_GetPCLK2Freq
                0x08000f48       0x20 ./build/Debug/.obj/Drivers/STM32F1xx_HAL_Driver/Src/stm32f1xx_hal_rcc.o
                0x08000f48                HAL_RCC_GetPCLK2Freq
 .text.HAL_RCC_GetClockConfig
                0x08000f68       0x3c ./build/Debug/.obj/Drivers/STM32F1xx_HAL_Driver/Src/stm32f1xx_hal_rcc.o
                0x08000f68                HAL_RCC_GetClockConfig
 .text.HAL_TIM_Base_MspInit
                0x08000fa4        0x2 ./build/Debug/.obj/Drivers/STM32F1xx_HAL_Driver/Src/stm32f1xx_hal_tim.o
                0x08000fa4                HAL_TIM_Base_MspInit
 *fill*         0x08000fa6        0x2 
 .text.HAL_TIM_Base_Start_IT
                0x08000fa8       0x64 ./build/Debug/.obj/Drivers/STM32F1xx_HAL_Driver/Src/stm32f1xx_hal_tim.o
                0x08000fa8                HAL_TIM_Base_Start_IT
 .text.HAL_TIM_OC_DelayElapsedCallback
                0x0800100c        0x2 ./build/Debug/.obj/Drivers/STM32F1xx_HAL_Driver/Src/stm32f1xx_hal_tim.o
                0x0800100c                HAL_TIM_OC_DelayElapsedCallback
 .text.HAL_TIM_IC_CaptureCallback
                0x0800100e        0x2 ./build/Debug/.obj/Drivers/STM32F1xx_HAL_Driver/Src/stm32f1xx_hal_tim.o
                0x0800100e                HAL_TIM_IC_CaptureCallback
 .text.HAL_TIM_PWM_PulseFinishedCallback
                0x08001010        0x2 ./build/Debug/.obj/Drivers/STM32F1xx_HAL_Driver/Src/stm32f1xx_hal_tim.o
                0x08001010                HAL_TIM_PWM_PulseFinishedCallback
 .text.HAL_TIM_TriggerCallback
                0x08001012        0x2 ./build/Debug/.obj/Drivers/STM32F1xx_HAL_Driver/Src/stm32f1xx_hal_tim.o
                0x08001012                HAL_TIM_TriggerCallback
 .text.HAL_TIM_IRQHandler
                0x08001014      0x15e ./build/Debug/.obj/Drivers/STM32F1xx_HAL_Driver/Src/stm32f1xx_hal_tim.o
                0x08001014                HAL_TIM_IRQHandler
 *fill*         0x08001172        0x2 
 .text.TIM_Base_SetConfig
                0x08001174       0x84 ./build/Debug/.obj/Drivers/STM32F1xx_HAL_Driver/Src/stm32f1xx_hal_tim.o
                0x08001174                TIM_Base_SetConfig
 .text.HAL_TIM_Base_Init
                0x080011f8       0x58 ./build/Debug/.obj/Drivers/STM32F1xx_HAL_Driver/Src/stm32f1xx_hal_tim.o
                0x080011f8                HAL_TIM_Base_Init
 .text.HAL_TIMEx_CommutCallback
                0x08001250        0x2 ./build/Debug/.obj/Drivers/STM32F1xx_HAL_Driver/Src/stm32f1xx_hal_tim_ex.o
                0x08001250                HAL_TIMEx_CommutCallback
 .text.HAL_TIMEx_BreakCallback
                0x08001252        0x2 ./build/Debug/.obj/Drivers/STM32F1xx_HAL_Driver/Src/stm32f1xx_hal_tim_ex.o
                0x08001252                HAL_TIMEx_BreakCallback
 .text.UART_EndRxTransfer
                0x08001254       0x5c ./build/Debug/.obj/Drivers/STM32F1xx_HAL_Driver/Src/stm32f1xx_hal_uart.o
 .text.UART_SetConfig
                0x080012b0       0x94 ./build/Debug/.obj/Drivers/STM32F1xx_HAL_Driver/Src/stm32f1xx_hal_uart.o
 .text.UART_WaitOnFlagUntilTimeout
                0x08001344       0x86 ./build/Debug/.obj/Drivers/STM32F1xx_HAL_Driver/Src/stm32f1xx_hal_uart.o
 .text.HAL_UART_Init
                0x080013ca       0x60 ./build/Debug/.obj/Drivers/STM32F1xx_HAL_Driver/Src/stm32f1xx_hal_uart.o
                0x080013ca                HAL_UART_Init
 .text.HAL_UART_Transmit
                0x0800142a       0xca ./build/Debug/.obj/Drivers/STM32F1xx_HAL_Driver/Src/stm32f1xx_hal_uart.o
                0x0800142a                HAL_UART_Transmit
 .text.SysTick_Handler
                0x080014f4       0x18 ./build/Debug/.obj/Middlewares/Third_Party/FreeRTOS/Source/CMSIS_RTOS_V2/cmsis_os2.o
                0x080014f4                SysTick_Handler
 .text.osKernelInitialize
                0x0800150c       0x24 ./build/Debug/.obj/Middlewares/Third_Party/FreeRTOS/Source/CMSIS_RTOS_V2/cmsis_os2.o
                0x0800150c                osKernelInitialize
 .text.osKernelStart
                0x08001530       0x38 ./build/Debug/.obj/Middlewares/Third_Party/FreeRTOS/Source/CMSIS_RTOS_V2/cmsis_os2.o
                0x08001530                osKernelStart
 .text.osThreadNew
                0x08001568       0xb4 ./build/Debug/.obj/Middlewares/Third_Party/FreeRTOS/Source/CMSIS_RTOS_V2/cmsis_os2.o
                0x08001568                osThreadNew
 .text.osDelay  0x0800161c       0x1c ./build/Debug/.obj/Middlewares/Third_Party/FreeRTOS/Source/CMSIS_RTOS_V2/cmsis_os2.o
                0x0800161c                osDelay
 .text.osMessageQueueNew
                0x08001638       0x98 ./build/Debug/.obj/Middlewares/Third_Party/FreeRTOS/Source/CMSIS_RTOS_V2/cmsis_os2.o
                0x08001638                osMessageQueueNew
 .text.osMessageQueuePut
                0x080016d0       0x84 ./build/Debug/.obj/Middlewares/Third_Party/FreeRTOS/Source/CMSIS_RTOS_V2/cmsis_os2.o
                0x080016d0                osMessageQueuePut
 .text.osMessageQueueGet
                0x08001754       0x82 ./build/Debug/.obj/Middlewares/Third_Party/FreeRTOS/Source/CMSIS_RTOS_V2/cmsis_os2.o
                0x08001754                osMessageQueueGet
 *fill*         0x080017d6        0x2 
 .text.vApplicationGetIdleTaskMemory
                0x080017d8       0x18 ./build/Debug/.obj/Middlewares/Third_Party/FreeRTOS/Source/CMSIS_RTOS_V2/cmsis_os2.o
                0x080017d8                vApplicationGetIdleTaskMemory
 .text.vApplicationGetTimerTaskMemory
                0x080017f0       0x18 ./build/Debug/.obj/Middlewares/Third_Party/FreeRTOS/Source/CMSIS_RTOS_V2/cmsis_os2.o
                0x080017f0                vApplicationGetTimerTaskMemory
 .text.vListInitialise
                0x08001808       0x16 ./build/Debug/.obj/Middlewares/Third_Party/FreeRTOS/Source/list.o
                0x08001808                vListInitialise
 .text.vListInitialiseItem
                0x0800181e        0x6 ./build/Debug/.obj/Middlewares/Third_Party/FreeRTOS/Source/list.o
                0x0800181e                vListInitialiseItem
 .text.vListInsertEnd
                0x08001824       0x16 ./build/Debug/.obj/Middlewares/Third_Party/FreeRTOS/Source/list.o
                0x08001824                vListInsertEnd
 .text.vListInsert
                0x0800183a       0x32 ./build/Debug/.obj/Middlewares/Third_Party/FreeRTOS/Source/list.o
                0x0800183a                vListInsert
 .text.uxListRemove
                0x0800186c       0x26 ./build/Debug/.obj/Middlewares/Third_Party/FreeRTOS/Source/list.o
                0x0800186c                uxListRemove
 *fill*         0x08001892        0x2 
 .text.prvTaskExitError
                0x08001894       0x40 ./build/Debug/.obj/Middlewares/Third_Party/FreeRTOS/Source/portable/GCC/ARM_CM3/port.o
 .text.prvPortStartFirstTask
                0x080018d4       0x20 ./build/Debug/.obj/Middlewares/Third_Party/FreeRTOS/Source/portable/GCC/ARM_CM3/port.o
 .text.pxPortInitialiseStack
                0x080018f4       0x24 ./build/Debug/.obj/Middlewares/Third_Party/FreeRTOS/Source/portable/GCC/ARM_CM3/port.o
                0x080018f4                pxPortInitialiseStack
 *fill*         0x08001918        0x8 
 .text.SVC_Handler
                0x08001920       0x24 ./build/Debug/.obj/Middlewares/Third_Party/FreeRTOS/Source/portable/GCC/ARM_CM3/port.o
                0x08001920                SVC_Handler
 .text.vPortEnterCritical
                0x08001944       0x44 ./build/Debug/.obj/Middlewares/Third_Party/FreeRTOS/Source/portable/GCC/ARM_CM3/port.o
                0x08001944                vPortEnterCritical
 .text.vPortExitCritical
                0x08001988       0x2c ./build/Debug/.obj/Middlewares/Third_Party/FreeRTOS/Source/portable/GCC/ARM_CM3/port.o
                0x08001988                vPortExitCritical
 *fill*         0x080019b4        0xc 
 .text.PendSV_Handler
                0x080019c0       0x44 ./build/Debug/.obj/Middlewares/Third_Party/FreeRTOS/Source/portable/GCC/ARM_CM3/port.o
                0x080019c0                PendSV_Handler
 .text.xPortSysTickHandler
                0x08001a04       0x2c ./build/Debug/.obj/Middlewares/Third_Party/FreeRTOS/Source/portable/GCC/ARM_CM3/port.o
                0x08001a04                xPortSysTickHandler
 .text.vPortSetupTimerInterrupt
                0x08001a30       0x28 ./build/Debug/.obj/Middlewares/Third_Party/FreeRTOS/Source/portable/GCC/ARM_CM3/port.o
                0x08001a30                vPortSetupTimerInterrupt
 .text.xPortStartScheduler
                0x08001a58       0xc0 ./build/Debug/.obj/Middlewares/Third_Party/FreeRTOS/Source/portable/GCC/ARM_CM3/port.o
                0x08001a58                xPortStartScheduler
 .text.vPortValidateInterruptPriority
                0x08001b18       0x5c ./build/Debug/.obj/Middlewares/Third_Party/FreeRTOS/Source/portable/GCC/ARM_CM3/port.o
                0x08001b18                vPortValidateInterruptPriority
 .text.prvHeapInit
                0x08001b74       0x64 ./build/Debug/.obj/Middlewares/Third_Party/FreeRTOS/Source/portable/MemMang/heap_4.o
 .text.prvInsertBlockIntoFreeList
                0x08001bd8       0x60 ./build/Debug/.obj/Middlewares/Third_Party/FreeRTOS/Source/portable/MemMang/heap_4.o
 .text.pvPortMalloc
                0x08001c38      0x104 ./build/Debug/.obj/Middlewares/Third_Party/FreeRTOS/Source/portable/MemMang/heap_4.o
                0x08001c38                pvPortMalloc
 .text.vPortFree
                0x08001d3c       0x7c ./build/Debug/.obj/Middlewares/Third_Party/FreeRTOS/Source/portable/MemMang/heap_4.o
                0x08001d3c                vPortFree
 .text.prvIsQueueFull
                0x08001db8       0x1e ./build/Debug/.obj/Middlewares/Third_Party/FreeRTOS/Source/queue.o
 .text.prvIsQueueEmpty
                0x08001dd6       0x1a ./build/Debug/.obj/Middlewares/Third_Party/FreeRTOS/Source/queue.o
 .text.prvCopyDataToQueue
                0x08001df0       0x76 ./build/Debug/.obj/Middlewares/Third_Party/FreeRTOS/Source/queue.o
 .text.prvCopyDataFromQueue
                0x08001e66       0x24 ./build/Debug/.obj/Middlewares/Third_Party/FreeRTOS/Source/queue.o
 .text.prvUnlockQueue
                0x08001e8a       0x6e ./build/Debug/.obj/Middlewares/Third_Party/FreeRTOS/Source/queue.o
 .text.xQueueGenericReset
                0x08001ef8       0x84 ./build/Debug/.obj/Middlewares/Third_Party/FreeRTOS/Source/queue.o
                0x08001ef8                xQueueGenericReset
 .text.prvInitialiseNewQueue
                0x08001f7c       0x22 ./build/Debug/.obj/Middlewares/Third_Party/FreeRTOS/Source/queue.o
 .text.xQueueGenericCreateStatic
                0x08001f9e       0x94 ./build/Debug/.obj/Middlewares/Third_Party/FreeRTOS/Source/queue.o
                0x08001f9e                xQueueGenericCreateStatic
 .text.xQueueGenericCreate
                0x08002032       0x48 ./build/Debug/.obj/Middlewares/Third_Party/FreeRTOS/Source/queue.o
                0x08002032                xQueueGenericCreate
 .text.xQueueGenericSend
                0x0800207a      0x188 ./build/Debug/.obj/Middlewares/Third_Party/FreeRTOS/Source/queue.o
                0x0800207a                xQueueGenericSend
 .text.xQueueGenericSendFromISR
                0x08002202       0xce ./build/Debug/.obj/Middlewares/Third_Party/FreeRTOS/Source/queue.o
                0x08002202                xQueueGenericSendFromISR
 .text.xQueueReceive
                0x080022d0      0x15e ./build/Debug/.obj/Middlewares/Third_Party/FreeRTOS/Source/queue.o
                0x080022d0                xQueueReceive
 .text.xQueueReceiveFromISR
                0x0800242e       0xae ./build/Debug/.obj/Middlewares/Third_Party/FreeRTOS/Source/queue.o
                0x0800242e                xQueueReceiveFromISR
 .text.vQueueAddToRegistry
                0x080024dc       0x28 ./build/Debug/.obj/Middlewares/Third_Party/FreeRTOS/Source/queue.o
                0x080024dc                vQueueAddToRegistry
 .text.vQueueWaitForMessageRestricted
                0x08002504       0x52 ./build/Debug/.obj/Middlewares/Third_Party/FreeRTOS/Source/queue.o
                0x08002504                vQueueWaitForMessageRestricted
 *fill*         0x08002556        0x2 
 .text.prvResetNextTaskUnblockTime
                0x08002558       0x2c ./build/Debug/.obj/Middlewares/Third_Party/FreeRTOS/Source/tasks.o
 .text.prvInitialiseNewTask
                0x08002584       0xa2 ./build/Debug/.obj/Middlewares/Third_Party/FreeRTOS/Source/tasks.o
 *fill*         0x08002626        0x2 
 .text.prvInitialiseTaskLists
                0x08002628       0x68 ./build/Debug/.obj/Middlewares/Third_Party/FreeRTOS/Source/tasks.o
 .text.prvAddNewTaskToReadyList
                0x08002690       0xac ./build/Debug/.obj/Middlewares/Third_Party/FreeRTOS/Source/tasks.o
 .text.prvDeleteTCB
                0x0800273c       0x38 ./build/Debug/.obj/Middlewares/Third_Party/FreeRTOS/Source/tasks.o
 .text.prvCheckTasksWaitingTermination
                0x08002774       0x4c ./build/Debug/.obj/Middlewares/Third_Party/FreeRTOS/Source/tasks.o
 .text.prvIdleTask
                0x080027c0       0x28 ./build/Debug/.obj/Middlewares/Third_Party/FreeRTOS/Source/tasks.o
 .text.prvAddCurrentTaskToDelayedList
                0x080027e8       0x7c ./build/Debug/.obj/Middlewares/Third_Party/FreeRTOS/Source/tasks.o
 .text.xTaskCreateStatic
                0x08002864       0x76 ./build/Debug/.obj/Middlewares/Third_Party/FreeRTOS/Source/tasks.o
                0x08002864                xTaskCreateStatic
 .text.xTaskCreate
                0x080028da       0x64 ./build/Debug/.obj/Middlewares/Third_Party/FreeRTOS/Source/tasks.o
                0x080028da                xTaskCreate
 *fill*         0x0800293e        0x2 
 .text.vTaskStartScheduler
                0x08002940       0x98 ./build/Debug/.obj/Middlewares/Third_Party/FreeRTOS/Source/tasks.o
                0x08002940                vTaskStartScheduler
 .text.vTaskSuspendAll
                0x080029d8       0x10 ./build/Debug/.obj/Middlewares/Third_Party/FreeRTOS/Source/tasks.o
                0x080029d8                vTaskSuspendAll
 .text.xTaskGetTickCount
                0x080029e8        0xc ./build/Debug/.obj/Middlewares/Third_Party/FreeRTOS/Source/tasks.o
                0x080029e8                xTaskGetTickCount
 .text.xTaskIncrementTick
                0x080029f4      0x118 ./build/Debug/.obj/Middlewares/Third_Party/FreeRTOS/Source/tasks.o
                0x080029f4                xTaskIncrementTick
 .text.xTaskResumeAll
                0x08002b0c       0xf8 ./build/Debug/.obj/Middlewares/Third_Party/FreeRTOS/Source/tasks.o
                0x08002b0c                xTaskResumeAll
 .text.vTaskDelay
                0x08002c04       0x4c ./build/Debug/.obj/Middlewares/Third_Party/FreeRTOS/Source/tasks.o
                0x08002c04                vTaskDelay
 .text.vTaskSwitchContext
                0x08002c50       0x98 ./build/Debug/.obj/Middlewares/Third_Party/FreeRTOS/Source/tasks.o
                0x08002c50                vTaskSwitchContext
 .text.vTaskPlaceOnEventList
                0x08002ce8       0x30 ./build/Debug/.obj/Middlewares/Third_Party/FreeRTOS/Source/tasks.o
                0x08002ce8                vTaskPlaceOnEventList
 .text.vTaskPlaceOnEventListRestricted
                0x08002d18       0x38 ./build/Debug/.obj/Middlewares/Third_Party/FreeRTOS/Source/tasks.o
                0x08002d18                vTaskPlaceOnEventListRestricted
 .text.xTaskRemoveFromEventList
                0x08002d50       0x8c ./build/Debug/.obj/Middlewares/Third_Party/FreeRTOS/Source/tasks.o
                0x08002d50                xTaskRemoveFromEventList
 .text.vTaskInternalSetTimeOutState
                0x08002ddc       0x18 ./build/Debug/.obj/Middlewares/Third_Party/FreeRTOS/Source/tasks.o
                0x08002ddc                vTaskInternalSetTimeOutState
 .text.xTaskCheckForTimeOut
                0x08002df4       0x88 ./build/Debug/.obj/Middlewares/Third_Party/FreeRTOS/Source/tasks.o
                0x08002df4                xTaskCheckForTimeOut
 .text.vTaskMissedYield
                0x08002e7c        0xc ./build/Debug/.obj/Middlewares/Third_Party/FreeRTOS/Source/tasks.o
                0x08002e7c                vTaskMissedYield
 .text.xTaskGetSchedulerState
                0x08002e88       0x20 ./build/Debug/.obj/Middlewares/Third_Party/FreeRTOS/Source/tasks.o
                0x08002e88                xTaskGetSchedulerState
 .text.xTaskPriorityDisinherit
                0x08002ea8       0x90 ./build/Debug/.obj/Middlewares/Third_Party/FreeRTOS/Source/tasks.o
                0x08002ea8                xTaskPriorityDisinherit
 .text.prvGetNextExpireTime
                0x08002f38       0x20 ./build/Debug/.obj/Middlewares/Third_Party/FreeRTOS/Source/timers.o
 .text.prvInsertTimerInActiveList
                0x08002f58       0x48 ./build/Debug/.obj/Middlewares/Third_Party/FreeRTOS/Source/timers.o
 .text.prvCheckForValidListAndQueue
                0x08002fa0       0x70 ./build/Debug/.obj/Middlewares/Third_Party/FreeRTOS/Source/timers.o
 .text.xTimerCreateTimerTask
                0x08003010       0x64 ./build/Debug/.obj/Middlewares/Third_Party/FreeRTOS/Source/timers.o
                0x08003010                xTimerCreateTimerTask
 .text.xTimerGenericCommand
                0x08003074       0x6c ./build/Debug/.obj/Middlewares/Third_Party/FreeRTOS/Source/timers.o
                0x08003074                xTimerGenericCommand
 .text.prvSwitchTimerLists
                0x080030e0       0x7c ./build/Debug/.obj/Middlewares/Third_Party/FreeRTOS/Source/timers.o
 .text.prvSampleTimeNow
                0x0800315c       0x2c ./build/Debug/.obj/Middlewares/Third_Party/FreeRTOS/Source/timers.o
 .text.prvProcessExpiredTimer
                0x08003188       0x6c ./build/Debug/.obj/Middlewares/Third_Party/FreeRTOS/Source/timers.o
 .text.prvProcessTimerOrBlockTask
                0x080031f4       0x74 ./build/Debug/.obj/Middlewares/Third_Party/FreeRTOS/Source/timers.o
 .text.prvProcessReceivedCommands
                0x08003268      0x10c ./build/Debug/.obj/Middlewares/Third_Party/FreeRTOS/Source/timers.o
 .text.prvTimerTask
                0x08003374       0x16 ./build/Debug/.obj/Middlewares/Third_Party/FreeRTOS/Source/timers.o
 *fill*         0x0800338a        0x2 
 .text.sprintf  0x0800338c       0x44 C:/Users/Administrator/.eide/tools/gcc_arm/bin/../lib/gcc/arm-none-eabi/14.3.1/../../../../arm-none-eabi/lib/thumb/v7-m/nofp\libc_nano.a(libc_a-sprintf.o)
                0x0800338c                siprintf
                0x0800338c                sprintf
 .text.memset   0x080033d0       0x10 C:/Users/Administrator/.eide/tools/gcc_arm/bin/../lib/gcc/arm-none-eabi/14.3.1/../../../../arm-none-eabi/lib/thumb/v7-m/nofp\libc_nano.a(libc_a-memset.o)
                0x080033d0                memset
 .text.__errno  0x080033e0        0xc C:/Users/Administrator/.eide/tools/gcc_arm/bin/../lib/gcc/arm-none-eabi/14.3.1/../../../../arm-none-eabi/lib/thumb/v7-m/nofp\libc_nano.a(libc_a-errno.o)
                0x080033e0                __errno
 .text.__libc_init_array
                0x080033ec       0x48 C:/Users/Administrator/.eide/tools/gcc_arm/bin/../lib/gcc/arm-none-eabi/14.3.1/../../../../arm-none-eabi/lib/thumb/v7-m/nofp\libc_nano.a(libc_a-init.o)
                0x080033ec                __libc_init_array
 .text.__retarget_lock_acquire_recursive
                0x08003434        0x2 C:/Users/Administrator/.eide/tools/gcc_arm/bin/../lib/gcc/arm-none-eabi/14.3.1/../../../../arm-none-eabi/lib/thumb/v7-m/nofp\libc_nano.a(libc_a-lock.o)
                0x08003434                __retarget_lock_acquire_recursive
 .text.__retarget_lock_release_recursive
                0x08003436        0x2 C:/Users/Administrator/.eide/tools/gcc_arm/bin/../lib/gcc/arm-none-eabi/14.3.1/../../../../arm-none-eabi/lib/thumb/v7-m/nofp\libc_nano.a(libc_a-lock.o)
                0x08003436                __retarget_lock_release_recursive
 .text.memcpy   0x08003438       0x1c C:/Users/Administrator/.eide/tools/gcc_arm/bin/../lib/gcc/arm-none-eabi/14.3.1/../../../../arm-none-eabi/lib/thumb/v7-m/nofp\libc_nano.a(libc_a-memcpy-stub.o)
                0x08003438                memcpy
 .text._free_r  0x08003454       0x90 C:/Users/Administrator/.eide/tools/gcc_arm/bin/../lib/gcc/arm-none-eabi/14.3.1/../../../../arm-none-eabi/lib/thumb/v7-m/nofp\libc_nano.a(libc_a-freer.o)
                0x08003454                _free_r
 .text.sbrk_aligned
                0x080034e4       0x44 C:/Users/Administrator/.eide/tools/gcc_arm/bin/../lib/gcc/arm-none-eabi/14.3.1/../../../../arm-none-eabi/lib/thumb/v7-m/nofp\libc_nano.a(libc_a-mallocr.o)
 .text._malloc_r
                0x08003528      0x100 C:/Users/Administrator/.eide/tools/gcc_arm/bin/../lib/gcc/arm-none-eabi/14.3.1/../../../../arm-none-eabi/lib/thumb/v7-m/nofp\libc_nano.a(libc_a-mallocr.o)
                0x08003528                _malloc_r
 .text.__malloc_lock
                0x08003628        0xc C:/Users/Administrator/.eide/tools/gcc_arm/bin/../lib/gcc/arm-none-eabi/14.3.1/../../../../arm-none-eabi/lib/thumb/v7-m/nofp\libc_nano.a(libc_a-mlock.o)
                0x08003628                __malloc_lock
 .text.__malloc_unlock
                0x08003634        0xc C:/Users/Administrator/.eide/tools/gcc_arm/bin/../lib/gcc/arm-none-eabi/14.3.1/../../../../arm-none-eabi/lib/thumb/v7-m/nofp\libc_nano.a(libc_a-mlock.o)
                0x08003634                __malloc_unlock
 .text.__ssputs_r
                0x08003640       0xc0 C:/Users/Administrator/.eide/tools/gcc_arm/bin/../lib/gcc/arm-none-eabi/14.3.1/../../../../arm-none-eabi/lib/thumb/v7-m/nofp\libc_nano.a(libc_a-nano-svfprintf.o)
                0x08003640                __ssputs_r
 .text._svfprintf_r
                0x08003700      0x1f0 C:/Users/Administrator/.eide/tools/gcc_arm/bin/../lib/gcc/arm-none-eabi/14.3.1/../../../../arm-none-eabi/lib/thumb/v7-m/nofp\libc_nano.a(libc_a-nano-svfprintf.o)
                0x08003700                _svfiprintf_r
                0x08003700                _svfprintf_r
 .text._printf_common
                0x080038f0       0xe4 C:/Users/Administrator/.eide/tools/gcc_arm/bin/../lib/gcc/arm-none-eabi/14.3.1/../../../../arm-none-eabi/lib/thumb/v7-m/nofp\libc_nano.a(libc_a-nano-vfprintf_i.o)
                0x080038f0                _printf_common
 .text._printf_i
                0x080039d4      0x24c C:/Users/Administrator/.eide/tools/gcc_arm/bin/../lib/gcc/arm-none-eabi/14.3.1/../../../../arm-none-eabi/lib/thumb/v7-m/nofp\libc_nano.a(libc_a-nano-vfprintf_i.o)
                0x080039d4                _printf_i
 .text.memmove  0x08003c20       0x32 C:/Users/Administrator/.eide/tools/gcc_arm/bin/../lib/gcc/arm-none-eabi/14.3.1/../../../../arm-none-eabi/lib/thumb/v7-m/nofp\libc_nano.a(libc_a-memmove.o)
                0x08003c20                memmove
 *fill*         0x08003c52        0x2 
 .text._sbrk_r  0x08003c54       0x20 C:/Users/Administrator/.eide/tools/gcc_arm/bin/../lib/gcc/arm-none-eabi/14.3.1/../../../../arm-none-eabi/lib/thumb/v7-m/nofp\libc_nano.a(libc_a-sbrkr.o)
                0x08003c54                _sbrk_r
 .text.memchr   0x08003c74       0x1c C:/Users/Administrator/.eide/tools/gcc_arm/bin/../lib/gcc/arm-none-eabi/14.3.1/../../../../arm-none-eabi/lib/thumb/v7-m/nofp\libc_nano.a(libc_a-memchr-stub.o)
                0x08003c74                memchr
 .text._realloc_r
                0x08003c90       0x5c C:/Users/Administrator/.eide/tools/gcc_arm/bin/../lib/gcc/arm-none-eabi/14.3.1/../../../../arm-none-eabi/lib/thumb/v7-m/nofp\libc_nano.a(libc_a-reallocr.o)
                0x08003c90                _realloc_r
 .text._malloc_usable_size_r
                0x08003cec       0x10 C:/Users/Administrator/.eide/tools/gcc_arm/bin/../lib/gcc/arm-none-eabi/14.3.1/../../../../arm-none-eabi/lib/thumb/v7-m/nofp\libc_nano.a(libc_a-msizer.o)
                0x08003cec                _malloc_usable_size_r
 *(.glue_7)
 .glue_7        0x08003cfc        0x0 linker stubs
 *(.glue_7t)
 .glue_7t       0x08003cfc        0x0 linker stubs
 *(.eh_frame)
 .eh_frame      0x08003cfc        0x0 C:/Users/Administrator/.eide/tools/gcc_arm/bin/../lib/gcc/arm-none-eabi/14.3.1/thumb/v7-m/nofp/crtbegin.o
 *(.init)
 .init          0x08003cfc        0x4 C:/Users/Administrator/.eide/tools/gcc_arm/bin/../lib/gcc/arm-none-eabi/14.3.1/thumb/v7-m/nofp/crti.o
                0x08003cfc                _init
 .init          0x08003d00        0x8 C:/Users/Administrator/.eide/tools/gcc_arm/bin/../lib/gcc/arm-none-eabi/14.3.1/thumb/v7-m/nofp/crtn.o
 *(.fini)
 .fini          0x08003d08        0x4 C:/Users/Administrator/.eide/tools/gcc_arm/bin/../lib/gcc/arm-none-eabi/14.3.1/thumb/v7-m/nofp/crti.o
                0x08003d08                _fini
 .fini          0x08003d0c        0x8 C:/Users/Administrator/.eide/tools/gcc_arm/bin/../lib/gcc/arm-none-eabi/14.3.1/thumb/v7-m/nofp/crtn.o
                0x08003d14                        . = ALIGN (0x4)
                0x08003d14                        _etext = .

.vfp11_veneer   0x08003d14        0x0
 .vfp11_veneer  0x08003d14        0x0 linker stubs

.v4_bx          0x08003d14        0x0
 .v4_bx         0x08003d14        0x0 linker stubs

.iplt           0x08003d14        0x0
 .iplt          0x08003d14        0x0 C:/Users/Administrator/.eide/tools/gcc_arm/bin/../lib/gcc/arm-none-eabi/14.3.1/thumb/v7-m/nofp/crtbegin.o

.rodata         0x08003d14      0x118
                0x08003d14                        . = ALIGN (0x4)
 *(.rodata)
 *(.rodata*)
 .rodata.StartDataTask.str1.4
                0x08003d14       0x58 ./build/Debug/.obj/Core/Src/freertos.o
                                 0x1e (size before relaxing)
 .rodata.str1.4
                0x08003d6c       0x20 ./build/Debug/.obj/Core/Src/freertos.o
 .rodata.BtnQueue_attributes
                0x08003d6c       0x18 ./build/Debug/.obj/Core/Src/freertos.o
                0x08003d6c                BtnQueue_attributes
 .rodata.DataTask_attributes
                0x08003d84       0x24 ./build/Debug/.obj/Core/Src/freertos.o
                0x08003d84                DataTask_attributes
 .rodata.BtnTask_attributes
                0x08003da8       0x24 ./build/Debug/.obj/Core/Src/freertos.o
                0x08003da8                BtnTask_attributes
 .rodata.APBPrescTable
                0x08003dcc        0x8 ./build/Debug/.obj/Core/Src/system_stm32f1xx.o
                0x08003dcc                APBPrescTable
 .rodata.AHBPrescTable
                0x08003dd4       0x10 ./build/Debug/.obj/Core/Src/system_stm32f1xx.o
                0x08003dd4                AHBPrescTable
 .rodata.aPredivFactorTable.0
                0x08003de4        0x2 ./build/Debug/.obj/Drivers/STM32F1xx_HAL_Driver/Src/stm32f1xx_hal_rcc.o
 *fill*         0x08003de6        0x2 
 .rodata.aPLLMULFactorTable.1
                0x08003de8       0x10 ./build/Debug/.obj/Drivers/STM32F1xx_HAL_Driver/Src/stm32f1xx_hal_rcc.o
 .rodata.vTaskStartScheduler.str1.4
                0x08003df8        0x5 ./build/Debug/.obj/Middlewares/Third_Party/FreeRTOS/Source/tasks.o
 .rodata.prvCheckForValidListAndQueue.str1.4
                0x08003df8        0x5 ./build/Debug/.obj/Middlewares/Third_Party/FreeRTOS/Source/timers.o
 .rodata.xTimerCreateTimerTask.str1.4
                0x08003df8        0x8 ./build/Debug/.obj/Middlewares/Third_Party/FreeRTOS/Source/timers.o
 .rodata._svfprintf_r.str1.1
                0x08003df8       0x33 C:/Users/Administrator/.eide/tools/gcc_arm/bin/../lib/gcc/arm-none-eabi/14.3.1/../../../../arm-none-eabi/lib/thumb/v7-m/nofp\libc_nano.a(libc_a-nano-svfprintf.o)
                                 0x11 (size before relaxing)
 .rodata._printf_i.str1.1
                0x08003e2b       0x22 C:/Users/Administrator/.eide/tools/gcc_arm/bin/../lib/gcc/arm-none-eabi/14.3.1/../../../../arm-none-eabi/lib/thumb/v7-m/nofp\libc_nano.a(libc_a-nano-vfprintf_i.o)
                0x08003e50                        . = ALIGN (0x4)
 *fill*         0x08003e2b        0x1 

.ARM.extab      0x08003e2c        0x0
                0x08003e2c                        . = ALIGN (0x4)
 *(.ARM.extab* .gnu.linkonce.armextab.*)
                0x08003e2c                        . = ALIGN (0x4)

.ARM            0x08003e2c        0x8
                0x08003e2c                        . = ALIGN (0x4)
                0x08003e2c                        __exidx_start = .
 *(.ARM.exidx*)
 .ARM.exidx     0x08003e2c        0x8 C:/Users/Administrator/.eide/tools/gcc_arm/bin/../lib/gcc/arm-none-eabi/14.3.1/../../../../arm-none-eabi/lib/thumb/v7-m/nofp\libc_nano.a(libc_a-strlen.o)
                0x08003e34                        __exidx_end = .
                0x08003e34                        . = ALIGN (0x4)

.preinit_array  0x08003e34        0x0
                0x08003e34                        . = ALIGN (0x4)
                0x08003e34                        PROVIDE (__preinit_array_start = .)
 *(.preinit_array*)
                0x08003e34                        PROVIDE (__preinit_array_end = .)
                0x08003e34                        . = ALIGN (0x4)

.init_array     0x08003e34        0x4
                0x08003e34                        . = ALIGN (0x4)
                0x08003e34                        PROVIDE (__init_array_start = .)
 *(SORT_BY_NAME(.init_array.*))
 *(.init_array*)
 .init_array    0x08003e34        0x4 C:/Users/Administrator/.eide/tools/gcc_arm/bin/../lib/gcc/arm-none-eabi/14.3.1/thumb/v7-m/nofp/crtbegin.o
                0x08003e38                        PROVIDE (__init_array_end = .)
                0x08003e38                        . = ALIGN (0x4)

.fini_array     0x08003e38        0x4
                0x08003e38                        . = ALIGN (0x4)
                [!provide]                        PROVIDE (__fini_array_start = .)
 *(SORT_BY_NAME(.fini_array.*))
 *(.fini_array*)
 .fini_array    0x08003e38        0x4 C:/Users/Administrator/.eide/tools/gcc_arm/bin/../lib/gcc/arm-none-eabi/14.3.1/thumb/v7-m/nofp/crtbegin.o
                [!provide]                        PROVIDE (__fini_array_end = .)
                0x08003e3c                        . = ALIGN (0x4)
                0x08003e3c                        _sidata = LOADADDR (.data)

.rel.dyn        0x08003e3c        0x0
 .rel.iplt      0x08003e3c        0x0 C:/Users/Administrator/.eide/tools/gcc_arm/bin/../lib/gcc/arm-none-eabi/14.3.1/thumb/v7-m/nofp/crtbegin.o

.data           0x20000000       0x60 load address 0x08003e3c
                0x20000000                        . = ALIGN (0x4)
                0x20000000                        _sdata = .
 *(.data)
 *(.data*)
 .data.SystemCoreClock
                0x20000000        0x4 ./build/Debug/.obj/Core/Src/system_stm32f1xx.o
                0x20000000                SystemCoreClock
 .data.uwTickFreq
                0x20000004        0x1 ./build/Debug/.obj/Drivers/STM32F1xx_HAL_Driver/Src/stm32f1xx_hal.o
                0x20000004                uwTickFreq
 *fill*         0x20000005        0x3 
 .data.uwTickPrio
                0x20000008        0x4 ./build/Debug/.obj/Drivers/STM32F1xx_HAL_Driver/Src/stm32f1xx_hal.o
                0x20000008                uwTickPrio
 .data.uxCriticalNesting
                0x2000000c        0x4 ./build/Debug/.obj/Middlewares/Third_Party/FreeRTOS/Source/portable/GCC/ARM_CM3/port.o
 .data._impure_ptr
                0x20000010        0x4 C:/Users/Administrator/.eide/tools/gcc_arm/bin/../lib/gcc/arm-none-eabi/14.3.1/../../../../arm-none-eabi/lib/thumb/v7-m/nofp\libc_nano.a(libc_a-impure.o)
                0x20000010                _impure_ptr
 .data._impure_data
                0x20000014       0x4c C:/Users/Administrator/.eide/tools/gcc_arm/bin/../lib/gcc/arm-none-eabi/14.3.1/../../../../arm-none-eabi/lib/thumb/v7-m/nofp\libc_nano.a(libc_a-impure.o)
                0x20000014                _impure_data
 *(.RamFunc)
 *(.RamFunc*)
                0x20000060                        . = ALIGN (0x4)
                0x20000060                        _edata = .

.tm_clone_table
                0x20000060        0x0 load address 0x08003e9c
 .tm_clone_table
                0x20000060        0x0 C:/Users/Administrator/.eide/tools/gcc_arm/bin/../lib/gcc/arm-none-eabi/14.3.1/thumb/v7-m/nofp/crtbegin.o
 .tm_clone_table
                0x20000060        0x0 C:/Users/Administrator/.eide/tools/gcc_arm/bin/../lib/gcc/arm-none-eabi/14.3.1/thumb/v7-m/nofp/crtend.o

.igot.plt       0x20000060        0x0 load address 0x08003e9c
 .igot.plt      0x20000060        0x0 C:/Users/Administrator/.eide/tools/gcc_arm/bin/../lib/gcc/arm-none-eabi/14.3.1/thumb/v7-m/nofp/crtbegin.o
                0x20000060                        . = ALIGN (0x4)

.bss            0x20000060     0x1b58 load address 0x08003e9c
                0x20000060                        _sbss = .
                0x20000060                        __bss_start__ = _sbss
 *(.bss)
 *(.bss*)
 .bss.completed.1
                0x20000060        0x1 C:/Users/Administrator/.eide/tools/gcc_arm/bin/../lib/gcc/arm-none-eabi/14.3.1/thumb/v7-m/nofp/crtbegin.o
 *fill*         0x20000061        0x3 
 .bss.object.0  0x20000064       0x18 C:/Users/Administrator/.eide/tools/gcc_arm/bin/../lib/gcc/arm-none-eabi/14.3.1/thumb/v7-m/nofp/crtbegin.o
 .bss.BtnQueueHandle
                0x2000007c        0x4 ./build/Debug/.obj/Core/Src/freertos.o
                0x2000007c                BtnQueueHandle
 .bss.DataTaskHandle
                0x20000080        0x4 ./build/Debug/.obj/Core/Src/freertos.o
                0x20000080                DataTaskHandle
 .bss.BtnTaskHandle
                0x20000084        0x4 ./build/Debug/.obj/Core/Src/freertos.o
                0x20000084                BtnTaskHandle
 .bss.htim4     0x20000088       0x48 ./build/Debug/.obj/Core/Src/stm32f1xx_hal_timebase_tim.o
                0x20000088                htim4
 .bss.__sbrk_heap_end
                0x200000d0        0x4 ./build/Debug/.obj/Core/Src/sysmem.o
 .bss.huart2    0x200000d4       0x48 ./build/Debug/.obj/Core/Src/usart.o
                0x200000d4                huart2
 .bss.uwTick    0x2000011c        0x4 ./build/Debug/.obj/Drivers/STM32F1xx_HAL_Driver/Src/stm32f1xx_hal.o
                0x2000011c                uwTick
 .bss.Timer_Stack.0
                0x20000120      0x400 ./build/Debug/.obj/Middlewares/Third_Party/FreeRTOS/Source/CMSIS_RTOS_V2/cmsis_os2.o
 .bss.Timer_TCB.1
                0x20000520       0x5c ./build/Debug/.obj/Middlewares/Third_Party/FreeRTOS/Source/CMSIS_RTOS_V2/cmsis_os2.o
 .bss.Idle_Stack.2
                0x2000057c      0x200 ./build/Debug/.obj/Middlewares/Third_Party/FreeRTOS/Source/CMSIS_RTOS_V2/cmsis_os2.o
 .bss.Idle_TCB.3
                0x2000077c       0x5c ./build/Debug/.obj/Middlewares/Third_Party/FreeRTOS/Source/CMSIS_RTOS_V2/cmsis_os2.o
 .bss.KernelState
                0x200007d8        0x4 ./build/Debug/.obj/Middlewares/Third_Party/FreeRTOS/Source/CMSIS_RTOS_V2/cmsis_os2.o
 .bss.ulMaxPRIGROUPValue
                0x200007dc        0x4 ./build/Debug/.obj/Middlewares/Third_Party/FreeRTOS/Source/portable/GCC/ARM_CM3/port.o
 .bss.ucMaxSysCallPriority
                0x200007e0        0x1 ./build/Debug/.obj/Middlewares/Third_Party/FreeRTOS/Source/portable/GCC/ARM_CM3/port.o
 *fill*         0x200007e1        0x3 
 .bss.xBlockAllocatedBit
                0x200007e4        0x4 ./build/Debug/.obj/Middlewares/Third_Party/FreeRTOS/Source/portable/MemMang/heap_4.o
 .bss.xNumberOfSuccessfulFrees
                0x200007e8        0x4 ./build/Debug/.obj/Middlewares/Third_Party/FreeRTOS/Source/portable/MemMang/heap_4.o
 .bss.xNumberOfSuccessfulAllocations
                0x200007ec        0x4 ./build/Debug/.obj/Middlewares/Third_Party/FreeRTOS/Source/portable/MemMang/heap_4.o
 .bss.xMinimumEverFreeBytesRemaining
                0x200007f0        0x4 ./build/Debug/.obj/Middlewares/Third_Party/FreeRTOS/Source/portable/MemMang/heap_4.o
 .bss.xFreeBytesRemaining
                0x200007f4        0x4 ./build/Debug/.obj/Middlewares/Third_Party/FreeRTOS/Source/portable/MemMang/heap_4.o
 .bss.pxEnd     0x200007f8        0x4 ./build/Debug/.obj/Middlewares/Third_Party/FreeRTOS/Source/portable/MemMang/heap_4.o
 .bss.xStart    0x200007fc        0x8 ./build/Debug/.obj/Middlewares/Third_Party/FreeRTOS/Source/portable/MemMang/heap_4.o
 .bss.ucHeap    0x20000804      0xc00 ./build/Debug/.obj/Middlewares/Third_Party/FreeRTOS/Source/portable/MemMang/heap_4.o
 .bss.xQueueRegistry
                0x20001404       0x40 ./build/Debug/.obj/Middlewares/Third_Party/FreeRTOS/Source/queue.o
                0x20001404                xQueueRegistry
 .bss.uxSchedulerSuspended
                0x20001444        0x4 ./build/Debug/.obj/Middlewares/Third_Party/FreeRTOS/Source/tasks.o
 .bss.xIdleTaskHandle
                0x20001448        0x4 ./build/Debug/.obj/Middlewares/Third_Party/FreeRTOS/Source/tasks.o
 .bss.xNextTaskUnblockTime
                0x2000144c        0x4 ./build/Debug/.obj/Middlewares/Third_Party/FreeRTOS/Source/tasks.o
 .bss.uxTaskNumber
                0x20001450        0x4 ./build/Debug/.obj/Middlewares/Third_Party/FreeRTOS/Source/tasks.o
 .bss.xNumOfOverflows
                0x20001454        0x4 ./build/Debug/.obj/Middlewares/Third_Party/FreeRTOS/Source/tasks.o
 .bss.xYieldPending
                0x20001458        0x4 ./build/Debug/.obj/Middlewares/Third_Party/FreeRTOS/Source/tasks.o
 .bss.xPendedTicks
                0x2000145c        0x4 ./build/Debug/.obj/Middlewares/Third_Party/FreeRTOS/Source/tasks.o
 .bss.xSchedulerRunning
                0x20001460        0x4 ./build/Debug/.obj/Middlewares/Third_Party/FreeRTOS/Source/tasks.o
 .bss.uxTopReadyPriority
                0x20001464        0x4 ./build/Debug/.obj/Middlewares/Third_Party/FreeRTOS/Source/tasks.o
 .bss.xTickCount
                0x20001468        0x4 ./build/Debug/.obj/Middlewares/Third_Party/FreeRTOS/Source/tasks.o
 .bss.uxCurrentNumberOfTasks
                0x2000146c        0x4 ./build/Debug/.obj/Middlewares/Third_Party/FreeRTOS/Source/tasks.o
 .bss.xSuspendedTaskList
                0x20001470       0x14 ./build/Debug/.obj/Middlewares/Third_Party/FreeRTOS/Source/tasks.o
 .bss.uxDeletedTasksWaitingCleanUp
                0x20001484        0x4 ./build/Debug/.obj/Middlewares/Third_Party/FreeRTOS/Source/tasks.o
 .bss.xTasksWaitingTermination
                0x20001488       0x14 ./build/Debug/.obj/Middlewares/Third_Party/FreeRTOS/Source/tasks.o
 .bss.xPendingReadyList
                0x2000149c       0x14 ./build/Debug/.obj/Middlewares/Third_Party/FreeRTOS/Source/tasks.o
 .bss.pxOverflowDelayedTaskList
                0x200014b0        0x4 ./build/Debug/.obj/Middlewares/Third_Party/FreeRTOS/Source/tasks.o
 .bss.pxDelayedTaskList
                0x200014b4        0x4 ./build/Debug/.obj/Middlewares/Third_Party/FreeRTOS/Source/tasks.o
 .bss.xDelayedTaskList2
                0x200014b8       0x14 ./build/Debug/.obj/Middlewares/Third_Party/FreeRTOS/Source/tasks.o
 .bss.xDelayedTaskList1
                0x200014cc       0x14 ./build/Debug/.obj/Middlewares/Third_Party/FreeRTOS/Source/tasks.o
 .bss.pxReadyTasksLists
                0x200014e0      0x460 ./build/Debug/.obj/Middlewares/Third_Party/FreeRTOS/Source/tasks.o
 .bss.pxCurrentTCB
                0x20001940        0x4 ./build/Debug/.obj/Middlewares/Third_Party/FreeRTOS/Source/tasks.o
                0x20001940                pxCurrentTCB
 .bss.xStaticTimerQueue.0
                0x20001944       0x50 ./build/Debug/.obj/Middlewares/Third_Party/FreeRTOS/Source/timers.o
 .bss.ucStaticTimerQueueStorage.1
                0x20001994       0xa0 ./build/Debug/.obj/Middlewares/Third_Party/FreeRTOS/Source/timers.o
 .bss.xLastTime.2
                0x20001a34        0x4 ./build/Debug/.obj/Middlewares/Third_Party/FreeRTOS/Source/timers.o
 .bss.xTimerTaskHandle
                0x20001a38        0x4 ./build/Debug/.obj/Middlewares/Third_Party/FreeRTOS/Source/timers.o
 .bss.xTimerQueue
                0x20001a3c        0x4 ./build/Debug/.obj/Middlewares/Third_Party/FreeRTOS/Source/timers.o
 .bss.pxOverflowTimerList
                0x20001a40        0x4 ./build/Debug/.obj/Middlewares/Third_Party/FreeRTOS/Source/timers.o
 .bss.pxCurrentTimerList
                0x20001a44        0x4 ./build/Debug/.obj/Middlewares/Third_Party/FreeRTOS/Source/timers.o
 .bss.xActiveTimerList2
                0x20001a48       0x14 ./build/Debug/.obj/Middlewares/Third_Party/FreeRTOS/Source/timers.o
 .bss.xActiveTimerList1
                0x20001a5c       0x14 ./build/Debug/.obj/Middlewares/Third_Party/FreeRTOS/Source/timers.o
 .bss.__sf      0x20001a70      0x138 C:/Users/Administrator/.eide/tools/gcc_arm/bin/../lib/gcc/arm-none-eabi/14.3.1/../../../../arm-none-eabi/lib/thumb/v7-m/nofp\libc_nano.a(libc_a-findfp.o)
                0x20001a70                __sf
 .bss.errno     0x20001ba8        0x4 C:/Users/Administrator/.eide/tools/gcc_arm/bin/../lib/gcc/arm-none-eabi/14.3.1/../../../../arm-none-eabi/lib/thumb/v7-m/nofp\libc_nano.a(libc_a-reent.o)
                0x20001ba8                errno
 .bss.__lock___malloc_recursive_mutex
                0x20001bac        0x1 C:/Users/Administrator/.eide/tools/gcc_arm/bin/../lib/gcc/arm-none-eabi/14.3.1/../../../../arm-none-eabi/lib/thumb/v7-m/nofp\libc_nano.a(libc_a-lock.o)
                0x20001bac                __lock___malloc_recursive_mutex
 *fill*         0x20001bad        0x3 
 .bss.__malloc_sbrk_start
                0x20001bb0        0x4 C:/Users/Administrator/.eide/tools/gcc_arm/bin/../lib/gcc/arm-none-eabi/14.3.1/../../../../arm-none-eabi/lib/thumb/v7-m/nofp\libc_nano.a(libc_a-mallocr.o)
                0x20001bb0                __malloc_sbrk_start
 .bss.__malloc_free_list
                0x20001bb4        0x4 C:/Users/Administrator/.eide/tools/gcc_arm/bin/../lib/gcc/arm-none-eabi/14.3.1/../../../../arm-none-eabi/lib/thumb/v7-m/nofp\libc_nano.a(libc_a-mallocr.o)
                0x20001bb4                __malloc_free_list
 *(COMMON)
                0x20001bb8                        . = ALIGN (0x4)
                0x20001bb8                        _ebss = .
                0x20001bb8                        __bss_end__ = _ebss

._user_heap_stack
                0x20001bb8      0x600 load address 0x08003e9c
                0x20001bb8                        . = ALIGN (0x8)
                [!provide]                        PROVIDE (end = .)
                0x20001bb8                        PROVIDE (_end = .)
                0x20001db8                        . = (. + _Min_Heap_Size)
 *fill*         0x20001bb8      0x200 
                0x200021b8                        . = (. + _Min_Stack_Size)
 *fill*         0x20001db8      0x400 
                0x200021b8                        . = ALIGN (0x8)

/DISCARD/
 libc.a(*)
 libm.a(*)
 libgcc.a(*)

.ARM.attributes
                0x00000000       0x29
 *(.ARM.attributes)
 .ARM.attributes
                0x00000000       0x1d C:/Users/Administrator/.eide/tools/gcc_arm/bin/../lib/gcc/arm-none-eabi/14.3.1/thumb/v7-m/nofp/crti.o
 .ARM.attributes
                0x0000001d       0x2d C:/Users/Administrator/.eide/tools/gcc_arm/bin/../lib/gcc/arm-none-eabi/14.3.1/thumb/v7-m/nofp/crtbegin.o
 .ARM.attributes
                0x0000004a       0x2d ./build/Debug/.obj/Core/Src/freertos.o
 .ARM.attributes
                0x00000077       0x2d ./build/Debug/.obj/Core/Src/gpio.o
 .ARM.attributes
                0x000000a4       0x2d ./build/Debug/.obj/Core/Src/main.o
 .ARM.attributes
                0x000000d1       0x2d ./build/Debug/.obj/Core/Src/stm32f1xx_hal_msp.o
 .ARM.attributes
                0x000000fe       0x2d ./build/Debug/.obj/Core/Src/stm32f1xx_hal_timebase_tim.o
 .ARM.attributes
                0x0000012b       0x2d ./build/Debug/.obj/Core/Src/stm32f1xx_it.o
 .ARM.attributes
                0x00000158       0x2d ./build/Debug/.obj/Core/Src/sysmem.o
 .ARM.attributes
                0x00000185       0x2d ./build/Debug/.obj/Core/Src/system_stm32f1xx.o
 .ARM.attributes
                0x000001b2       0x2d ./build/Debug/.obj/Core/Src/usart.o
 .ARM.attributes
                0x000001df       0x21 ./build/Debug/.obj/Core/Startup/startup_stm32f103c8tx.o
 .ARM.attributes
                0x00000200       0x2d ./build/Debug/.obj/Drivers/STM32F1xx_HAL_Driver/Src/stm32f1xx_hal.o
 .ARM.attributes
                0x0000022d       0x2d ./build/Debug/.obj/Drivers/STM32F1xx_HAL_Driver/Src/stm32f1xx_hal_cortex.o
 .ARM.attributes
                0x0000025a       0x2d ./build/Debug/.obj/Drivers/STM32F1xx_HAL_Driver/Src/stm32f1xx_hal_gpio.o
 .ARM.attributes
                0x00000287       0x2d ./build/Debug/.obj/Drivers/STM32F1xx_HAL_Driver/Src/stm32f1xx_hal_rcc.o
 .ARM.attributes
                0x000002b4       0x2d ./build/Debug/.obj/Drivers/STM32F1xx_HAL_Driver/Src/stm32f1xx_hal_tim.o
 .ARM.attributes
                0x000002e1       0x2d ./build/Debug/.obj/Drivers/STM32F1xx_HAL_Driver/Src/stm32f1xx_hal_tim_ex.o
 .ARM.attributes
                0x0000030e       0x2d ./build/Debug/.obj/Drivers/STM32F1xx_HAL_Driver/Src/stm32f1xx_hal_uart.o
 .ARM.attributes
                0x0000033b       0x2d ./build/Debug/.obj/Middlewares/Third_Party/FreeRTOS/Source/CMSIS_RTOS_V2/cmsis_os2.o
 .ARM.attributes
                0x00000368       0x2d ./build/Debug/.obj/Middlewares/Third_Party/FreeRTOS/Source/list.o
 .ARM.attributes
                0x00000395       0x2d ./build/Debug/.obj/Middlewares/Third_Party/FreeRTOS/Source/portable/GCC/ARM_CM3/port.o
 .ARM.attributes
                0x000003c2       0x2d ./build/Debug/.obj/Middlewares/Third_Party/FreeRTOS/Source/portable/MemMang/heap_4.o
 .ARM.attributes
                0x000003ef       0x2d ./build/Debug/.obj/Middlewares/Third_Party/FreeRTOS/Source/queue.o
 .ARM.attributes
                0x0000041c       0x2d ./build/Debug/.obj/Middlewares/Third_Party/FreeRTOS/Source/tasks.o
 .ARM.attributes
                0x00000449       0x2d ./build/Debug/.obj/Middlewares/Third_Party/FreeRTOS/Source/timers.o
 .ARM.attributes
                0x00000476       0x2d C:/Users/Administrator/.eide/tools/gcc_arm/bin/../lib/gcc/arm-none-eabi/14.3.1/../../../../arm-none-eabi/lib/thumb/v7-m/nofp\libc_nano.a(libc_a-findfp.o)
 .ARM.attributes
                0x000004a3       0x2d C:/Users/Administrator/.eide/tools/gcc_arm/bin/../lib/gcc/arm-none-eabi/14.3.1/../../../../arm-none-eabi/lib/thumb/v7-m/nofp\libc_nano.a(libc_a-sprintf.o)
 .ARM.attributes
                0x000004d0       0x2d C:/Users/Administrator/.eide/tools/gcc_arm/bin/../lib/gcc/arm-none-eabi/14.3.1/../../../../arm-none-eabi/lib/thumb/v7-m/nofp\libc_nano.a(libc_a-memset.o)
 .ARM.attributes
                0x000004fd       0x2d C:/Users/Administrator/.eide/tools/gcc_arm/bin/../lib/gcc/arm-none-eabi/14.3.1/../../../../arm-none-eabi/lib/thumb/v7-m/nofp\libc_nano.a(libc_a-reent.o)
 .ARM.attributes
                0x0000052a       0x2d C:/Users/Administrator/.eide/tools/gcc_arm/bin/../lib/gcc/arm-none-eabi/14.3.1/../../../../arm-none-eabi/lib/thumb/v7-m/nofp\libc_nano.a(libc_a-impure.o)
 .ARM.attributes
                0x00000557       0x2d C:/Users/Administrator/.eide/tools/gcc_arm/bin/../lib/gcc/arm-none-eabi/14.3.1/../../../../arm-none-eabi/lib/thumb/v7-m/nofp\libc_nano.a(libc_a-errno.o)
 .ARM.attributes
                0x00000584       0x2d C:/Users/Administrator/.eide/tools/gcc_arm/bin/../lib/gcc/arm-none-eabi/14.3.1/../../../../arm-none-eabi/lib/thumb/v7-m/nofp\libc_nano.a(libc_a-init.o)
 .ARM.attributes
                0x000005b1       0x2d C:/Users/Administrator/.eide/tools/gcc_arm/bin/../lib/gcc/arm-none-eabi/14.3.1/../../../../arm-none-eabi/lib/thumb/v7-m/nofp\libc_nano.a(libc_a-lock.o)
 .ARM.attributes
                0x000005de       0x2d C:/Users/Administrator/.eide/tools/gcc_arm/bin/../lib/gcc/arm-none-eabi/14.3.1/../../../../arm-none-eabi/lib/thumb/v7-m/nofp\libc_nano.a(libc_a-memcpy-stub.o)
 .ARM.attributes
                0x0000060b       0x17 C:/Users/Administrator/.eide/tools/gcc_arm/bin/../lib/gcc/arm-none-eabi/14.3.1/../../../../arm-none-eabi/lib/thumb/v7-m/nofp\libc_nano.a(libc_a-strlen.o)
 .ARM.attributes
                0x00000622       0x2d C:/Users/Administrator/.eide/tools/gcc_arm/bin/../lib/gcc/arm-none-eabi/14.3.1/../../../../arm-none-eabi/lib/thumb/v7-m/nofp\libc_nano.a(libc_a-freer.o)
 .ARM.attributes
                0x0000064f       0x2d C:/Users/Administrator/.eide/tools/gcc_arm/bin/../lib/gcc/arm-none-eabi/14.3.1/../../../../arm-none-eabi/lib/thumb/v7-m/nofp\libc_nano.a(libc_a-mallocr.o)
 .ARM.attributes
                0x0000067c       0x2d C:/Users/Administrator/.eide/tools/gcc_arm/bin/../lib/gcc/arm-none-eabi/14.3.1/../../../../arm-none-eabi/lib/thumb/v7-m/nofp\libc_nano.a(libc_a-mlock.o)
 .ARM.attributes
                0x000006a9       0x2d C:/Users/Administrator/.eide/tools/gcc_arm/bin/../lib/gcc/arm-none-eabi/14.3.1/../../../../arm-none-eabi/lib/thumb/v7-m/nofp\libc_nano.a(libc_a-nano-svfprintf.o)
 .ARM.attributes
                0x000006d6       0x2d C:/Users/Administrator/.eide/tools/gcc_arm/bin/../lib/gcc/arm-none-eabi/14.3.1/../../../../arm-none-eabi/lib/thumb/v7-m/nofp\libc_nano.a(libc_a-nano-vfprintf_i.o)
 .ARM.attributes
                0x00000703       0x2d C:/Users/Administrator/.eide/tools/gcc_arm/bin/../lib/gcc/arm-none-eabi/14.3.1/../../../../arm-none-eabi/lib/thumb/v7-m/nofp\libc_nano.a(libc_a-memmove.o)
 .ARM.attributes
                0x00000730       0x2d C:/Users/Administrator/.eide/tools/gcc_arm/bin/../lib/gcc/arm-none-eabi/14.3.1/../../../../arm-none-eabi/lib/thumb/v7-m/nofp\libc_nano.a(libc_a-sbrkr.o)
 .ARM.attributes
                0x0000075d       0x2d C:/Users/Administrator/.eide/tools/gcc_arm/bin/../lib/gcc/arm-none-eabi/14.3.1/../../../../arm-none-eabi/lib/thumb/v7-m/nofp\libc_nano.a(libc_a-memchr-stub.o)
 .ARM.attributes
                0x0000078a       0x2d C:/Users/Administrator/.eide/tools/gcc_arm/bin/../lib/gcc/arm-none-eabi/14.3.1/../../../../arm-none-eabi/lib/thumb/v7-m/nofp\libc_nano.a(libc_a-reallocr.o)
 .ARM.attributes
                0x000007b7       0x2d C:/Users/Administrator/.eide/tools/gcc_arm/bin/../lib/gcc/arm-none-eabi/14.3.1/../../../../arm-none-eabi/lib/thumb/v7-m/nofp\libc_nano.a(libc_a-msizer.o)
 .ARM.attributes
                0x000007e4       0x2d C:/Users/Administrator/.eide/tools/gcc_arm/bin/../lib/gcc/arm-none-eabi/14.3.1/thumb/v7-m/nofp/crtend.o
 .ARM.attributes
                0x00000811       0x1d C:/Users/Administrator/.eide/tools/gcc_arm/bin/../lib/gcc/arm-none-eabi/14.3.1/thumb/v7-m/nofp/crtn.o
OUTPUT(./build/Debug/Queue.elf elf32-littlearm)
LOAD linker stubs
LOAD C:/Users/Administrator/.eide/tools/gcc_arm/bin/../lib/gcc/arm-none-eabi/14.3.1/../../../../arm-none-eabi/lib/thumb/v7-m/nofp\libc.a
LOAD C:/Users/Administrator/.eide/tools/gcc_arm/bin/../lib/gcc/arm-none-eabi/14.3.1/../../../../arm-none-eabi/lib/thumb/v7-m/nofp\libm.a
LOAD C:/Users/Administrator/.eide/tools/gcc_arm/bin/../lib/gcc/arm-none-eabi/14.3.1/thumb/v7-m/nofp\libgcc.a

.debug_info     0x00000000    0x1c148
 .debug_info    0x00000000      0xd27 ./build/Debug/.obj/Core/Src/freertos.o
 .debug_info    0x00000d27      0x273 ./build/Debug/.obj/Core/Src/gpio.o
 .debug_info    0x00000f9a      0x94a ./build/Debug/.obj/Core/Src/main.o
 .debug_info    0x000018e4      0x382 ./build/Debug/.obj/Core/Src/stm32f1xx_hal_msp.o
 .debug_info    0x00001c66      0xa48 ./build/Debug/.obj/Core/Src/stm32f1xx_hal_timebase_tim.o
 .debug_info    0x000026ae      0x674 ./build/Debug/.obj/Core/Src/stm32f1xx_it.o
 .debug_info    0x00002d22      0x171 ./build/Debug/.obj/Core/Src/sysmem.o
 .debug_info    0x00002e93      0x22d ./build/Debug/.obj/Core/Src/system_stm32f1xx.o
 .debug_info    0x000030c0      0x80b ./build/Debug/.obj/Core/Src/usart.o
 .debug_info    0x000038cb       0x30 ./build/Debug/.obj/Core/Startup/startup_stm32f103c8tx.o
 .debug_info    0x000038fb      0x7a2 ./build/Debug/.obj/Drivers/STM32F1xx_HAL_Driver/Src/stm32f1xx_hal.o
 .debug_info    0x0000409d      0xcd9 ./build/Debug/.obj/Drivers/STM32F1xx_HAL_Driver/Src/stm32f1xx_hal_cortex.o
 .debug_info    0x00004d76      0x604 ./build/Debug/.obj/Drivers/STM32F1xx_HAL_Driver/Src/stm32f1xx_hal_gpio.o
 .debug_info    0x0000537a      0x9c7 ./build/Debug/.obj/Drivers/STM32F1xx_HAL_Driver/Src/stm32f1xx_hal_rcc.o
 .debug_info    0x00005d41     0x3c0f ./build/Debug/.obj/Drivers/STM32F1xx_HAL_Driver/Src/stm32f1xx_hal_tim.o
 .debug_info    0x00009950     0x1a9e ./build/Debug/.obj/Drivers/STM32F1xx_HAL_Driver/Src/stm32f1xx_hal_tim_ex.o
 .debug_info    0x0000b3ee     0x3f85 ./build/Debug/.obj/Drivers/STM32F1xx_HAL_Driver/Src/stm32f1xx_hal_uart.o
 .debug_info    0x0000f373     0x4d43 ./build/Debug/.obj/Middlewares/Third_Party/FreeRTOS/Source/CMSIS_RTOS_V2/cmsis_os2.o
 .debug_info    0x000140b6      0x2bf ./build/Debug/.obj/Middlewares/Third_Party/FreeRTOS/Source/list.o
 .debug_info    0x00014375      0x505 ./build/Debug/.obj/Middlewares/Third_Party/FreeRTOS/Source/portable/GCC/ARM_CM3/port.o
 .debug_info    0x0001487a      0x593 ./build/Debug/.obj/Middlewares/Third_Party/FreeRTOS/Source/portable/MemMang/heap_4.o
 .debug_info    0x00014e0d     0x27a8 ./build/Debug/.obj/Middlewares/Third_Party/FreeRTOS/Source/queue.o
 .debug_info    0x000175b5     0x307f ./build/Debug/.obj/Middlewares/Third_Party/FreeRTOS/Source/tasks.o
 .debug_info    0x0001a634     0x1b14 ./build/Debug/.obj/Middlewares/Third_Party/FreeRTOS/Source/timers.o

.debug_abbrev   0x00000000     0x37e7
 .debug_abbrev  0x00000000      0x22b ./build/Debug/.obj/Core/Src/freertos.o
 .debug_abbrev  0x0000022b      0x129 ./build/Debug/.obj/Core/Src/gpio.o
 .debug_abbrev  0x00000354      0x249 ./build/Debug/.obj/Core/Src/main.o
 .debug_abbrev  0x0000059d      0x137 ./build/Debug/.obj/Core/Src/stm32f1xx_hal_msp.o
 .debug_abbrev  0x000006d4      0x231 ./build/Debug/.obj/Core/Src/stm32f1xx_hal_timebase_tim.o
 .debug_abbrev  0x00000905      0x185 ./build/Debug/.obj/Core/Src/stm32f1xx_it.o
 .debug_abbrev  0x00000a8a       0xea ./build/Debug/.obj/Core/Src/sysmem.o
 .debug_abbrev  0x00000b74      0x143 ./build/Debug/.obj/Core/Src/system_stm32f1xx.o
 .debug_abbrev  0x00000cb7      0x204 ./build/Debug/.obj/Core/Src/usart.o
 .debug_abbrev  0x00000ebb       0x24 ./build/Debug/.obj/Core/Startup/startup_stm32f103c8tx.o
 .debug_abbrev  0x00000edf      0x22d ./build/Debug/.obj/Drivers/STM32F1xx_HAL_Driver/Src/stm32f1xx_hal.o
 .debug_abbrev  0x0000110c      0x36d ./build/Debug/.obj/Drivers/STM32F1xx_HAL_Driver/Src/stm32f1xx_hal_cortex.o
 .debug_abbrev  0x00001479      0x1f7 ./build/Debug/.obj/Drivers/STM32F1xx_HAL_Driver/Src/stm32f1xx_hal_gpio.o
 .debug_abbrev  0x00001670      0x2a0 ./build/Debug/.obj/Drivers/STM32F1xx_HAL_Driver/Src/stm32f1xx_hal_rcc.o
 .debug_abbrev  0x00001910      0x270 ./build/Debug/.obj/Drivers/STM32F1xx_HAL_Driver/Src/stm32f1xx_hal_tim.o
 .debug_abbrev  0x00001b80      0x26e ./build/Debug/.obj/Drivers/STM32F1xx_HAL_Driver/Src/stm32f1xx_hal_tim_ex.o
 .debug_abbrev  0x00001dee      0x31c ./build/Debug/.obj/Drivers/STM32F1xx_HAL_Driver/Src/stm32f1xx_hal_uart.o
 .debug_abbrev  0x0000210a      0x5cd ./build/Debug/.obj/Middlewares/Third_Party/FreeRTOS/Source/CMSIS_RTOS_V2/cmsis_os2.o
 .debug_abbrev  0x000026d7      0x10a ./build/Debug/.obj/Middlewares/Third_Party/FreeRTOS/Source/list.o
 .debug_abbrev  0x000027e1      0x2a4 ./build/Debug/.obj/Middlewares/Third_Party/FreeRTOS/Source/portable/GCC/ARM_CM3/port.o
 .debug_abbrev  0x00002a85      0x263 ./build/Debug/.obj/Middlewares/Third_Party/FreeRTOS/Source/portable/MemMang/heap_4.o
 .debug_abbrev  0x00002ce8      0x3ea ./build/Debug/.obj/Middlewares/Third_Party/FreeRTOS/Source/queue.o
 .debug_abbrev  0x000030d2      0x394 ./build/Debug/.obj/Middlewares/Third_Party/FreeRTOS/Source/tasks.o
 .debug_abbrev  0x00003466      0x381 ./build/Debug/.obj/Middlewares/Third_Party/FreeRTOS/Source/timers.o

.debug_loclists
                0x00000000     0xf94b
 .debug_loclists
                0x00000000       0x5b ./build/Debug/.obj/Core/Src/freertos.o
 .debug_loclists
                0x0000005b       0x40 ./build/Debug/.obj/Core/Src/main.o
 .debug_loclists
                0x0000009b       0x17 ./build/Debug/.obj/Core/Src/stm32f1xx_hal_msp.o
 .debug_loclists
                0x000000b2       0xb8 ./build/Debug/.obj/Core/Src/stm32f1xx_hal_timebase_tim.o
 .debug_loclists
                0x0000016a       0x52 ./build/Debug/.obj/Core/Src/sysmem.o
 .debug_loclists
                0x000001bc       0xb7 ./build/Debug/.obj/Core/Src/system_stm32f1xx.o
 .debug_loclists
                0x00000273       0x74 ./build/Debug/.obj/Core/Src/usart.o
 .debug_loclists
                0x000002e7       0xe1 ./build/Debug/.obj/Drivers/STM32F1xx_HAL_Driver/Src/stm32f1xx_hal.o
 .debug_loclists
                0x000003c8      0x530 ./build/Debug/.obj/Drivers/STM32F1xx_HAL_Driver/Src/stm32f1xx_hal_cortex.o
 .debug_loclists
                0x000008f8      0x300 ./build/Debug/.obj/Drivers/STM32F1xx_HAL_Driver/Src/stm32f1xx_hal_gpio.o
 .debug_loclists
                0x00000bf8      0x42e ./build/Debug/.obj/Drivers/STM32F1xx_HAL_Driver/Src/stm32f1xx_hal_rcc.o
 .debug_loclists
                0x00001026     0x37f3 ./build/Debug/.obj/Drivers/STM32F1xx_HAL_Driver/Src/stm32f1xx_hal_tim.o
 .debug_loclists
                0x00004819     0x13b3 ./build/Debug/.obj/Drivers/STM32F1xx_HAL_Driver/Src/stm32f1xx_hal_tim_ex.o
 .debug_loclists
                0x00005bcc     0x2cdc ./build/Debug/.obj/Drivers/STM32F1xx_HAL_Driver/Src/stm32f1xx_hal_uart.o
 .debug_loclists
                0x000088a8     0x38e6 ./build/Debug/.obj/Middlewares/Third_Party/FreeRTOS/Source/CMSIS_RTOS_V2/cmsis_os2.o
 .debug_loclists
                0x0000c18e       0x75 ./build/Debug/.obj/Middlewares/Third_Party/FreeRTOS/Source/list.o
 .debug_loclists
                0x0000c203       0x98 ./build/Debug/.obj/Middlewares/Third_Party/FreeRTOS/Source/portable/GCC/ARM_CM3/port.o
 .debug_loclists
                0x0000c29b      0x2b7 ./build/Debug/.obj/Middlewares/Third_Party/FreeRTOS/Source/portable/MemMang/heap_4.o
 .debug_loclists
                0x0000c552     0x1132 ./build/Debug/.obj/Middlewares/Third_Party/FreeRTOS/Source/queue.o
 .debug_loclists
                0x0000d684     0x1716 ./build/Debug/.obj/Middlewares/Third_Party/FreeRTOS/Source/tasks.o
 .debug_loclists
                0x0000ed9a      0xbb1 ./build/Debug/.obj/Middlewares/Third_Party/FreeRTOS/Source/timers.o

.debug_aranges  0x00000000     0x1390
 .debug_aranges
                0x00000000       0x30 ./build/Debug/.obj/Core/Src/freertos.o
 .debug_aranges
                0x00000030       0x20 ./build/Debug/.obj/Core/Src/gpio.o
 .debug_aranges
                0x00000050       0x38 ./build/Debug/.obj/Core/Src/main.o
 .debug_aranges
                0x00000088       0x20 ./build/Debug/.obj/Core/Src/stm32f1xx_hal_msp.o
 .debug_aranges
                0x000000a8       0x30 ./build/Debug/.obj/Core/Src/stm32f1xx_hal_timebase_tim.o
 .debug_aranges
                0x000000d8       0x50 ./build/Debug/.obj/Core/Src/stm32f1xx_it.o
 .debug_aranges
                0x00000128       0x20 ./build/Debug/.obj/Core/Src/sysmem.o
 .debug_aranges
                0x00000148       0x28 ./build/Debug/.obj/Core/Src/system_stm32f1xx.o
 .debug_aranges
                0x00000170       0x30 ./build/Debug/.obj/Core/Src/usart.o
 .debug_aranges
                0x000001a0       0x28 ./build/Debug/.obj/Core/Startup/startup_stm32f103c8tx.o
 .debug_aranges
                0x000001c8       0xe0 ./build/Debug/.obj/Drivers/STM32F1xx_HAL_Driver/Src/stm32f1xx_hal.o
 .debug_aranges
                0x000002a8       0xc0 ./build/Debug/.obj/Drivers/STM32F1xx_HAL_Driver/Src/stm32f1xx_hal_cortex.o
 .debug_aranges
                0x00000368       0x58 ./build/Debug/.obj/Drivers/STM32F1xx_HAL_Driver/Src/stm32f1xx_hal_gpio.o
 .debug_aranges
                0x000003c0       0x90 ./build/Debug/.obj/Drivers/STM32F1xx_HAL_Driver/Src/stm32f1xx_hal_rcc.o
 .debug_aranges
                0x00000450      0x3d0 ./build/Debug/.obj/Drivers/STM32F1xx_HAL_Driver/Src/stm32f1xx_hal_tim.o
 .debug_aranges
                0x00000820      0x168 ./build/Debug/.obj/Drivers/STM32F1xx_HAL_Driver/Src/stm32f1xx_hal_tim_ex.o
 .debug_aranges
                0x00000988      0x208 ./build/Debug/.obj/Drivers/STM32F1xx_HAL_Driver/Src/stm32f1xx_hal_uart.o
 .debug_aranges
                0x00000b90      0x2a0 ./build/Debug/.obj/Middlewares/Third_Party/FreeRTOS/Source/CMSIS_RTOS_V2/cmsis_os2.o
 .debug_aranges
                0x00000e30       0x40 ./build/Debug/.obj/Middlewares/Third_Party/FreeRTOS/Source/list.o
 .debug_aranges
                0x00000e70       0x78 ./build/Debug/.obj/Middlewares/Third_Party/FreeRTOS/Source/portable/GCC/ARM_CM3/port.o
 .debug_aranges
                0x00000ee8       0x58 ./build/Debug/.obj/Middlewares/Third_Party/FreeRTOS/Source/portable/MemMang/heap_4.o
 .debug_aranges
                0x00000f40      0x158 ./build/Debug/.obj/Middlewares/Third_Party/FreeRTOS/Source/queue.o
 .debug_aranges
                0x00001098      0x208 ./build/Debug/.obj/Middlewares/Third_Party/FreeRTOS/Source/tasks.o
 .debug_aranges
                0x000012a0       0xf0 ./build/Debug/.obj/Middlewares/Third_Party/FreeRTOS/Source/timers.o

.debug_rnglists
                0x00000000      0xfe1
 .debug_rnglists
                0x00000000       0x1f ./build/Debug/.obj/Core/Src/freertos.o
 .debug_rnglists
                0x0000001f       0x13 ./build/Debug/.obj/Core/Src/gpio.o
 .debug_rnglists
                0x00000032       0x25 ./build/Debug/.obj/Core/Src/main.o
 .debug_rnglists
                0x00000057       0x13 ./build/Debug/.obj/Core/Src/stm32f1xx_hal_msp.o
 .debug_rnglists
                0x0000006a       0x20 ./build/Debug/.obj/Core/Src/stm32f1xx_hal_timebase_tim.o
 .debug_rnglists
                0x0000008a       0x37 ./build/Debug/.obj/Core/Src/stm32f1xx_it.o
 .debug_rnglists
                0x000000c1       0x13 ./build/Debug/.obj/Core/Src/sysmem.o
 .debug_rnglists
                0x000000d4       0x1a ./build/Debug/.obj/Core/Src/system_stm32f1xx.o
 .debug_rnglists
                0x000000ee       0x1f ./build/Debug/.obj/Core/Src/usart.o
 .debug_rnglists
                0x0000010d       0x19 ./build/Debug/.obj/Core/Startup/startup_stm32f103c8tx.o
 .debug_rnglists
                0x00000126       0xa3 ./build/Debug/.obj/Drivers/STM32F1xx_HAL_Driver/Src/stm32f1xx_hal.o
 .debug_rnglists
                0x000001c9       0x8b ./build/Debug/.obj/Drivers/STM32F1xx_HAL_Driver/Src/stm32f1xx_hal_cortex.o
 .debug_rnglists
                0x00000254       0x3f ./build/Debug/.obj/Drivers/STM32F1xx_HAL_Driver/Src/stm32f1xx_hal_gpio.o
 .debug_rnglists
                0x00000293       0x7d ./build/Debug/.obj/Drivers/STM32F1xx_HAL_Driver/Src/stm32f1xx_hal_rcc.o
 .debug_rnglists
                0x00000310      0x2ff ./build/Debug/.obj/Drivers/STM32F1xx_HAL_Driver/Src/stm32f1xx_hal_tim.o
 .debug_rnglists
                0x0000060f      0x11a ./build/Debug/.obj/Drivers/STM32F1xx_HAL_Driver/Src/stm32f1xx_hal_tim_ex.o
 .debug_rnglists
                0x00000729      0x1a1 ./build/Debug/.obj/Drivers/STM32F1xx_HAL_Driver/Src/stm32f1xx_hal_uart.o
 .debug_rnglists
                0x000008ca      0x1fe ./build/Debug/.obj/Middlewares/Third_Party/FreeRTOS/Source/CMSIS_RTOS_V2/cmsis_os2.o
 .debug_rnglists
                0x00000ac8       0x2b ./build/Debug/.obj/Middlewares/Third_Party/FreeRTOS/Source/list.o
 .debug_rnglists
                0x00000af3       0x56 ./build/Debug/.obj/Middlewares/Third_Party/FreeRTOS/Source/portable/GCC/ARM_CM3/port.o
 .debug_rnglists
                0x00000b49       0x3f ./build/Debug/.obj/Middlewares/Third_Party/FreeRTOS/Source/portable/MemMang/heap_4.o
 .debug_rnglists
                0x00000b88      0x170 ./build/Debug/.obj/Middlewares/Third_Party/FreeRTOS/Source/queue.o
 .debug_rnglists
                0x00000cf8      0x239 ./build/Debug/.obj/Middlewares/Third_Party/FreeRTOS/Source/tasks.o
 .debug_rnglists
                0x00000f31       0xb0 ./build/Debug/.obj/Middlewares/Third_Party/FreeRTOS/Source/timers.o

.debug_line     0x00000000    0x14e03
 .debug_line    0x00000000      0x399 ./build/Debug/.obj/Core/Src/freertos.o
 .debug_line    0x00000399      0x18b ./build/Debug/.obj/Core/Src/gpio.o
 .debug_line    0x00000524      0x35c ./build/Debug/.obj/Core/Src/main.o
 .debug_line    0x00000880      0x18e ./build/Debug/.obj/Core/Src/stm32f1xx_hal_msp.o
 .debug_line    0x00000a0e      0x2df ./build/Debug/.obj/Core/Src/stm32f1xx_hal_timebase_tim.o
 .debug_line    0x00000ced      0x235 ./build/Debug/.obj/Core/Src/stm32f1xx_it.o
 .debug_line    0x00000f22      0x1b0 ./build/Debug/.obj/Core/Src/sysmem.o
 .debug_line    0x000010d2      0x21b ./build/Debug/.obj/Core/Src/system_stm32f1xx.o
 .debug_line    0x000012ed      0x2cd ./build/Debug/.obj/Core/Src/usart.o
 .debug_line    0x000015ba       0x78 ./build/Debug/.obj/Core/Startup/startup_stm32f103c8tx.o
 .debug_line    0x00001632      0x504 ./build/Debug/.obj/Drivers/STM32F1xx_HAL_Driver/Src/stm32f1xx_hal.o
 .debug_line    0x00001b36      0x67d ./build/Debug/.obj/Drivers/STM32F1xx_HAL_Driver/Src/stm32f1xx_hal_cortex.o
 .debug_line    0x000021b3      0x59f ./build/Debug/.obj/Drivers/STM32F1xx_HAL_Driver/Src/stm32f1xx_hal_gpio.o
 .debug_line    0x00002752      0xc86 ./build/Debug/.obj/Drivers/STM32F1xx_HAL_Driver/Src/stm32f1xx_hal_rcc.o
 .debug_line    0x000033d8     0x44fe ./build/Debug/.obj/Drivers/STM32F1xx_HAL_Driver/Src/stm32f1xx_hal_tim.o
 .debug_line    0x000078d6     0x1906 ./build/Debug/.obj/Drivers/STM32F1xx_HAL_Driver/Src/stm32f1xx_hal_tim_ex.o
 .debug_line    0x000091dc     0x3370 ./build/Debug/.obj/Drivers/STM32F1xx_HAL_Driver/Src/stm32f1xx_hal_uart.o
 .debug_line    0x0000c54c     0x2bdc ./build/Debug/.obj/Middlewares/Third_Party/FreeRTOS/Source/CMSIS_RTOS_V2/cmsis_os2.o
 .debug_line    0x0000f128      0x34a ./build/Debug/.obj/Middlewares/Third_Party/FreeRTOS/Source/list.o
 .debug_line    0x0000f472      0x56e ./build/Debug/.obj/Middlewares/Third_Party/FreeRTOS/Source/portable/GCC/ARM_CM3/port.o
 .debug_line    0x0000f9e0      0x6c6 ./build/Debug/.obj/Middlewares/Third_Party/FreeRTOS/Source/portable/MemMang/heap_4.o
 .debug_line    0x000100a6     0x1aac ./build/Debug/.obj/Middlewares/Third_Party/FreeRTOS/Source/queue.o
 .debug_line    0x00011b52     0x25ab ./build/Debug/.obj/Middlewares/Third_Party/FreeRTOS/Source/tasks.o
 .debug_line    0x000140fd      0xd06 ./build/Debug/.obj/Middlewares/Third_Party/FreeRTOS/Source/timers.o

.debug_str      0x00000000     0x68d5
 .debug_str     0x00000000     0x68d5 ./build/Debug/.obj/Core/Src/freertos.o
                                0xc55 (size before relaxing)
 .debug_str     0x000068d5      0x21a ./build/Debug/.obj/Core/Src/gpio.o
 .debug_str     0x000068d5      0x8cf ./build/Debug/.obj/Core/Src/main.o
 .debug_str     0x000068d5      0x4de ./build/Debug/.obj/Core/Src/stm32f1xx_hal_msp.o
 .debug_str     0x000068d5      0xae7 ./build/Debug/.obj/Core/Src/stm32f1xx_hal_timebase_tim.o
 .debug_str     0x000068d5      0x6a7 ./build/Debug/.obj/Core/Src/stm32f1xx_it.o
 .debug_str     0x000068d5      0x1e3 ./build/Debug/.obj/Core/Src/sysmem.o
 .debug_str     0x000068d5      0x21f ./build/Debug/.obj/Core/Src/system_stm32f1xx.o
 .debug_str     0x000068d5      0x69d ./build/Debug/.obj/Core/Src/usart.o
 .debug_str     0x000068d5       0x56 ./build/Debug/.obj/Core/Startup/startup_stm32f103c8tx.o
 .debug_str     0x000068d5      0x7f9 ./build/Debug/.obj/Drivers/STM32F1xx_HAL_Driver/Src/stm32f1xx_hal.o
 .debug_str     0x000068d5      0x89e ./build/Debug/.obj/Drivers/STM32F1xx_HAL_Driver/Src/stm32f1xx_hal_cortex.o
 .debug_str     0x000068d5      0x3cb ./build/Debug/.obj/Drivers/STM32F1xx_HAL_Driver/Src/stm32f1xx_hal_gpio.o
 .debug_str     0x000068d5      0x5f6 ./build/Debug/.obj/Drivers/STM32F1xx_HAL_Driver/Src/stm32f1xx_hal_rcc.o
 .debug_str     0x000068d5     0x1650 ./build/Debug/.obj/Drivers/STM32F1xx_HAL_Driver/Src/stm32f1xx_hal_tim.o
 .debug_str     0x000068d5      0xe5c ./build/Debug/.obj/Drivers/STM32F1xx_HAL_Driver/Src/stm32f1xx_hal_tim_ex.o
 .debug_str     0x000068d5      0xcbf ./build/Debug/.obj/Drivers/STM32F1xx_HAL_Driver/Src/stm32f1xx_hal_uart.o
 .debug_str     0x000068d5     0x1f67 ./build/Debug/.obj/Middlewares/Third_Party/FreeRTOS/Source/CMSIS_RTOS_V2/cmsis_os2.o
 .debug_str     0x000068d5      0x2c0 ./build/Debug/.obj/Middlewares/Third_Party/FreeRTOS/Source/list.o
 .debug_str     0x000068d5      0x430 ./build/Debug/.obj/Middlewares/Third_Party/FreeRTOS/Source/portable/GCC/ARM_CM3/port.o
 .debug_str     0x000068d5      0x4d9 ./build/Debug/.obj/Middlewares/Third_Party/FreeRTOS/Source/portable/MemMang/heap_4.o
 .debug_str     0x000068d5      0xcd6 ./build/Debug/.obj/Middlewares/Third_Party/FreeRTOS/Source/queue.o
 .debug_str     0x000068d5     0x12a5 ./build/Debug/.obj/Middlewares/Third_Party/FreeRTOS/Source/tasks.o
 .debug_str     0x000068d5      0xc06 ./build/Debug/.obj/Middlewares/Third_Party/FreeRTOS/Source/timers.o

.comment        0x00000000       0x46
 .comment       0x00000000       0x46 ./build/Debug/.obj/Core/Src/freertos.o
                                 0x47 (size before relaxing)
 .comment       0x00000046       0x47 ./build/Debug/.obj/Core/Src/gpio.o
 .comment       0x00000046       0x47 ./build/Debug/.obj/Core/Src/main.o
 .comment       0x00000046       0x47 ./build/Debug/.obj/Core/Src/stm32f1xx_hal_msp.o
 .comment       0x00000046       0x47 ./build/Debug/.obj/Core/Src/stm32f1xx_hal_timebase_tim.o
 .comment       0x00000046       0x47 ./build/Debug/.obj/Core/Src/stm32f1xx_it.o
 .comment       0x00000046       0x47 ./build/Debug/.obj/Core/Src/sysmem.o
 .comment       0x00000046       0x47 ./build/Debug/.obj/Core/Src/system_stm32f1xx.o
 .comment       0x00000046       0x47 ./build/Debug/.obj/Core/Src/usart.o
 .comment       0x00000046       0x47 ./build/Debug/.obj/Drivers/STM32F1xx_HAL_Driver/Src/stm32f1xx_hal.o
 .comment       0x00000046       0x47 ./build/Debug/.obj/Drivers/STM32F1xx_HAL_Driver/Src/stm32f1xx_hal_cortex.o
 .comment       0x00000046       0x47 ./build/Debug/.obj/Drivers/STM32F1xx_HAL_Driver/Src/stm32f1xx_hal_gpio.o
 .comment       0x00000046       0x47 ./build/Debug/.obj/Drivers/STM32F1xx_HAL_Driver/Src/stm32f1xx_hal_rcc.o
 .comment       0x00000046       0x47 ./build/Debug/.obj/Drivers/STM32F1xx_HAL_Driver/Src/stm32f1xx_hal_tim.o
 .comment       0x00000046       0x47 ./build/Debug/.obj/Drivers/STM32F1xx_HAL_Driver/Src/stm32f1xx_hal_tim_ex.o
 .comment       0x00000046       0x47 ./build/Debug/.obj/Drivers/STM32F1xx_HAL_Driver/Src/stm32f1xx_hal_uart.o
 .comment       0x00000046       0x47 ./build/Debug/.obj/Middlewares/Third_Party/FreeRTOS/Source/CMSIS_RTOS_V2/cmsis_os2.o
 .comment       0x00000046       0x47 ./build/Debug/.obj/Middlewares/Third_Party/FreeRTOS/Source/list.o
 .comment       0x00000046       0x47 ./build/Debug/.obj/Middlewares/Third_Party/FreeRTOS/Source/portable/GCC/ARM_CM3/port.o
 .comment       0x00000046       0x47 ./build/Debug/.obj/Middlewares/Third_Party/FreeRTOS/Source/portable/MemMang/heap_4.o
 .comment       0x00000046       0x47 ./build/Debug/.obj/Middlewares/Third_Party/FreeRTOS/Source/queue.o
 .comment       0x00000046       0x47 ./build/Debug/.obj/Middlewares/Third_Party/FreeRTOS/Source/tasks.o
 .comment       0x00000046       0x47 ./build/Debug/.obj/Middlewares/Third_Party/FreeRTOS/Source/timers.o

.debug_frame    0x00000000     0x3c84
 .debug_frame   0x00000000       0x5c ./build/Debug/.obj/Core/Src/freertos.o
 .debug_frame   0x0000005c       0x2c ./build/Debug/.obj/Core/Src/gpio.o
 .debug_frame   0x00000088       0x70 ./build/Debug/.obj/Core/Src/main.o
 .debug_frame   0x000000f8       0x2c ./build/Debug/.obj/Core/Src/stm32f1xx_hal_msp.o
 .debug_frame   0x00000124       0x54 ./build/Debug/.obj/Core/Src/stm32f1xx_hal_timebase_tim.o
 .debug_frame   0x00000178       0x88 ./build/Debug/.obj/Core/Src/stm32f1xx_it.o
 .debug_frame   0x00000200       0x28 ./build/Debug/.obj/Core/Src/sysmem.o
 .debug_frame   0x00000228       0x30 ./build/Debug/.obj/Core/Src/system_stm32f1xx.o
 .debug_frame   0x00000258       0x64 ./build/Debug/.obj/Core/Src/usart.o
 .debug_frame   0x000002bc      0x1cc ./build/Debug/.obj/Drivers/STM32F1xx_HAL_Driver/Src/stm32f1xx_hal.o
 .debug_frame   0x00000488      0x19c ./build/Debug/.obj/Drivers/STM32F1xx_HAL_Driver/Src/stm32f1xx_hal_cortex.o
 .debug_frame   0x00000624       0xe4 ./build/Debug/.obj/Drivers/STM32F1xx_HAL_Driver/Src/stm32f1xx_hal_gpio.o
 .debug_frame   0x00000708      0x184 ./build/Debug/.obj/Drivers/STM32F1xx_HAL_Driver/Src/stm32f1xx_hal_rcc.o
 .debug_frame   0x0000088c      0xb18 ./build/Debug/.obj/Drivers/STM32F1xx_HAL_Driver/Src/stm32f1xx_hal_tim.o
 .debug_frame   0x000013a4      0x418 ./build/Debug/.obj/Drivers/STM32F1xx_HAL_Driver/Src/stm32f1xx_hal_tim_ex.o
 .debug_frame   0x000017bc      0x5dc ./build/Debug/.obj/Drivers/STM32F1xx_HAL_Driver/Src/stm32f1xx_hal_uart.o
 .debug_frame   0x00001d98      0x908 ./build/Debug/.obj/Middlewares/Third_Party/FreeRTOS/Source/CMSIS_RTOS_V2/cmsis_os2.o
 .debug_frame   0x000026a0       0x70 ./build/Debug/.obj/Middlewares/Third_Party/FreeRTOS/Source/list.o
 .debug_frame   0x00002710       0xf0 ./build/Debug/.obj/Middlewares/Third_Party/FreeRTOS/Source/portable/GCC/ARM_CM3/port.o
 .debug_frame   0x00002800       0xd0 ./build/Debug/.obj/Middlewares/Third_Party/FreeRTOS/Source/portable/MemMang/heap_4.o
 .debug_frame   0x000028d0      0x454 ./build/Debug/.obj/Middlewares/Third_Party/FreeRTOS/Source/queue.o
 .debug_frame   0x00002d24      0x680 ./build/Debug/.obj/Middlewares/Third_Party/FreeRTOS/Source/tasks.o
 .debug_frame   0x000033a4      0x30c ./build/Debug/.obj/Middlewares/Third_Party/FreeRTOS/Source/timers.o
 .debug_frame   0x000036b0      0x144 C:/Users/Administrator/.eide/tools/gcc_arm/bin/../lib/gcc/arm-none-eabi/14.3.1/../../../../arm-none-eabi/lib/thumb/v7-m/nofp\libc_nano.a(libc_a-findfp.o)
 .debug_frame   0x000037f4       0x74 C:/Users/Administrator/.eide/tools/gcc_arm/bin/../lib/gcc/arm-none-eabi/14.3.1/../../../../arm-none-eabi/lib/thumb/v7-m/nofp\libc_nano.a(libc_a-sprintf.o)
 .debug_frame   0x00003868       0x20 C:/Users/Administrator/.eide/tools/gcc_arm/bin/../lib/gcc/arm-none-eabi/14.3.1/../../../../arm-none-eabi/lib/thumb/v7-m/nofp\libc_nano.a(libc_a-memset.o)
 .debug_frame   0x00003888       0x38 C:/Users/Administrator/.eide/tools/gcc_arm/bin/../lib/gcc/arm-none-eabi/14.3.1/../../../../arm-none-eabi/lib/thumb/v7-m/nofp\libc_nano.a(libc_a-reent.o)
 .debug_frame   0x000038c0       0x20 C:/Users/Administrator/.eide/tools/gcc_arm/bin/../lib/gcc/arm-none-eabi/14.3.1/../../../../arm-none-eabi/lib/thumb/v7-m/nofp\libc_nano.a(libc_a-errno.o)
 .debug_frame   0x000038e0       0x2c C:/Users/Administrator/.eide/tools/gcc_arm/bin/../lib/gcc/arm-none-eabi/14.3.1/../../../../arm-none-eabi/lib/thumb/v7-m/nofp\libc_nano.a(libc_a-init.o)
 .debug_frame   0x0000390c       0xb0 C:/Users/Administrator/.eide/tools/gcc_arm/bin/../lib/gcc/arm-none-eabi/14.3.1/../../../../arm-none-eabi/lib/thumb/v7-m/nofp\libc_nano.a(libc_a-lock.o)
 .debug_frame   0x000039bc       0x28 C:/Users/Administrator/.eide/tools/gcc_arm/bin/../lib/gcc/arm-none-eabi/14.3.1/../../../../arm-none-eabi/lib/thumb/v7-m/nofp\libc_nano.a(libc_a-memcpy-stub.o)
 .debug_frame   0x000039e4       0x20 C:/Users/Administrator/.eide/tools/gcc_arm/bin/../lib/gcc/arm-none-eabi/14.3.1/../../../../arm-none-eabi/lib/thumb/v7-m/nofp\libc_nano.a(libc_a-strlen.o)
 .debug_frame   0x00003a04       0x38 C:/Users/Administrator/.eide/tools/gcc_arm/bin/../lib/gcc/arm-none-eabi/14.3.1/../../../../arm-none-eabi/lib/thumb/v7-m/nofp\libc_nano.a(libc_a-freer.o)
 .debug_frame   0x00003a3c       0x50 C:/Users/Administrator/.eide/tools/gcc_arm/bin/../lib/gcc/arm-none-eabi/14.3.1/../../../../arm-none-eabi/lib/thumb/v7-m/nofp\libc_nano.a(libc_a-mallocr.o)
 .debug_frame   0x00003a8c       0x30 C:/Users/Administrator/.eide/tools/gcc_arm/bin/../lib/gcc/arm-none-eabi/14.3.1/../../../../arm-none-eabi/lib/thumb/v7-m/nofp\libc_nano.a(libc_a-mlock.o)
 .debug_frame   0x00003abc       0x90 C:/Users/Administrator/.eide/tools/gcc_arm/bin/../lib/gcc/arm-none-eabi/14.3.1/../../../../arm-none-eabi/lib/thumb/v7-m/nofp\libc_nano.a(libc_a-nano-svfprintf.o)
 .debug_frame   0x00003b4c       0x60 C:/Users/Administrator/.eide/tools/gcc_arm/bin/../lib/gcc/arm-none-eabi/14.3.1/../../../../arm-none-eabi/lib/thumb/v7-m/nofp\libc_nano.a(libc_a-nano-vfprintf_i.o)
 .debug_frame   0x00003bac       0x28 C:/Users/Administrator/.eide/tools/gcc_arm/bin/../lib/gcc/arm-none-eabi/14.3.1/../../../../arm-none-eabi/lib/thumb/v7-m/nofp\libc_nano.a(libc_a-memmove.o)
 .debug_frame   0x00003bd4       0x2c C:/Users/Administrator/.eide/tools/gcc_arm/bin/../lib/gcc/arm-none-eabi/14.3.1/../../../../arm-none-eabi/lib/thumb/v7-m/nofp\libc_nano.a(libc_a-sbrkr.o)
 .debug_frame   0x00003c00       0x28 C:/Users/Administrator/.eide/tools/gcc_arm/bin/../lib/gcc/arm-none-eabi/14.3.1/../../../../arm-none-eabi/lib/thumb/v7-m/nofp\libc_nano.a(libc_a-memchr-stub.o)
 .debug_frame   0x00003c28       0x3c C:/Users/Administrator/.eide/tools/gcc_arm/bin/../lib/gcc/arm-none-eabi/14.3.1/../../../../arm-none-eabi/lib/thumb/v7-m/nofp\libc_nano.a(libc_a-reallocr.o)
 .debug_frame   0x00003c64       0x20 C:/Users/Administrator/.eide/tools/gcc_arm/bin/../lib/gcc/arm-none-eabi/14.3.1/../../../../arm-none-eabi/lib/thumb/v7-m/nofp\libc_nano.a(libc_a-msizer.o)

.debug_line_str
                0x00000000      0x125
 .debug_line_str
                0x00000000      0x125 ./build/Debug/.obj/Core/Startup/startup_stm32f103c8tx.o
                                 0x3a (size before relaxing)
 .debug_line_str
                0x00000125       0xeb C:/Users/Administrator/.eide/tools/gcc_arm/bin/../lib/gcc/arm-none-eabi/14.3.1/../../../../arm-none-eabi/lib/thumb/v7-m/nofp\libc_nano.a(libc_a-strlen.o)